31.14.252.3 - - [02/Jun/2025:05:09:07 +0000] "POST / HTTP/1.1" 200 88 "https://ismauaic.com/" "Mozilla/5.0 (Windows NT 10.0; Win64; x64) AppleWebKit/537.36 (KHTML, like Gecko) Chrome/136.0.0.0 Safari/537.36"
31.14.252.3 - - [02/Jun/2025:05:09:07 +0000] "GET /auth/login?_rsc=1ld0r HTTP/1.1" 200 1830 "https://ismauaic.com/" "Mozilla/5.0 (Windows NT 10.0; Win64; x64) AppleWebKit/537.36 (KHTML, like Gecko) Chrome/136.0.0.0 Safari/537.36"
194.176.167.89 - - [02/Jun/2025:05:09:32 +0000] "POST /acasa/administrare/echipamente HTTP/1.1" 200 277 "https://ismauaic.com/acasa/administrare/echipamente" "Mozilla/5.0 (Windows NT 10.0; Win64; x64) AppleWebKit/537.36 (KHTML, like Gecko) Chrome/136.0.0.0 Safari/537.36"
172.27.0.1 - - [02/Jun/2025:05:09:32 +0000] "GET /backend-api/equipment HTTP/1.1" 200 100581 "-" "axios/1.8.4"
194.176.167.89 - - [02/Jun/2025:05:09:32 +0000] "POST /acasa/administrare/echipamente HTTP/1.1" 200 19781 "https://ismauaic.com/acasa/administrare/echipamente" "Mozilla/5.0 (Windows NT 10.0; Win64; x64) AppleWebKit/537.36 (KHTML, like Gecko) Chrome/136.0.0.0 Safari/537.36"
104.28.225.130 - - [02/Jun/2025:05:09:32 +0000] "GET /ISMA.svg HTTP/1.1" 304 0 "https://ismauaic.com/" "Mozilla/5.0 (Windows NT 10.0; Win64; x64) AppleWebKit/537.36 (KHTML, like Gecko) Chrome/136.0.0.0 Safari/537.36"
194.176.167.89 - - [02/Jun/2025:05:09:38 +0000] "GET / HTTP/1.1" 200 2070 "-" "Mozilla/5.0 (Windows NT 10.0; Win64; x64) AppleWebKit/537.36 (KHTML, like Gecko) Chrome/136.0.0.0 Safari/537.36"
194.176.167.89 - - [02/Jun/2025:05:09:39 +0000] "GET /ISMA.svg HTTP/1.1" 304 0 "https://ismauaic.com/" "Mozilla/5.0 (Windows NT 10.0; Win64; x64) AppleWebKit/537.36 (KHTML, like Gecko) Chrome/136.0.0.0 Safari/537.36"
172.27.0.1 - - [02/Jun/2025:05:09:39 +0000] "POST /backend-api/auth/login HTTP/1.1" 200 190 "-" "axios/1.8.4"
104.28.225.130 - - [02/Jun/2025:05:09:39 +0000] "POST /auth/login HTTP/1.1" 200 1979 "https://ismauaic.com/auth/login" "Mozilla/5.0 (Windows NT 10.0; Win64; x64) AppleWebKit/537.36 (KHTML, like Gecko) Chrome/136.0.0.0 Safari/537.36"
104.28.225.130 - - [02/Jun/2025:05:09:39 +0000] "GET /acasa?_rsc=1yhn7 HTTP/1.1" 200 1425 "https://ismauaic.com/auth/login" "Mozilla/5.0 (Windows NT 10.0; Win64; x64) AppleWebKit/537.36 (KHTML, like Gecko) Chrome/136.0.0.0 Safari/537.36"
104.28.225.130 - - [02/Jun/2025:05:09:39 +0000] "GET /_next/static/chunks/app/acasa/layout-98fc9a0e342af9b8.js HTTP/1.1" 200 3809 "https://ismauaic.com/auth/login" "Mozilla/5.0 (Windows NT 10.0; Win64; x64) AppleWebKit/537.36 (KHTML, like Gecko) Chrome/136.0.0.0 Safari/537.36"
104.28.225.130 - - [02/Jun/2025:05:09:39 +0000] "GET /_next/static/chunks/app/acasa/page-c08797e853d65158.js HTTP/1.1" 200 1980 "https://ismauaic.com/auth/login" "Mozilla/5.0 (Windows NT 10.0; Win64; x64) AppleWebKit/537.36 (KHTML, like Gecko) Chrome/136.0.0.0 Safari/537.36"
104.28.225.130 - - [02/Jun/2025:05:09:40 +0000] "POST /acasa HTTP/1.1" 200 286 "https://ismauaic.com/acasa" "Mozilla/5.0 (Windows NT 10.0; Win64; x64) AppleWebKit/537.36 (KHTML, like Gecko) Chrome/136.0.0.0 Safari/537.36"
104.28.225.130 - - [02/Jun/2025:05:09:40 +0000] "GET /IsmaBlack.svg HTTP/1.1" 200 1780 "https://ismauaic.com/" "Mozilla/5.0 (Windows NT 10.0; Win64; x64) AppleWebKit/537.36 (KHTML, like Gecko) Chrome/136.0.0.0 Safari/537.36"
104.28.225.130 - - [02/Jun/2025:05:09:40 +0000] "GET /icons/mobilenav1.svg HTTP/1.1" 200 581 "https://ismauaic.com/auth/login" "Mozilla/5.0 (Windows NT 10.0; Win64; x64) AppleWebKit/537.36 (KHTML, like Gecko) Chrome/136.0.0.0 Safari/537.36"
104.28.225.130 - - [02/Jun/2025:05:09:40 +0000] "GET /icons/buton-logout.svg HTTP/1.1" 200 721 "https://ismauaic.com/auth/login" "Mozilla/5.0 (Windows NT 10.0; Win64; x64) AppleWebKit/537.36 (KHTML, like Gecko) Chrome/136.0.0.0 Safari/537.36"
104.28.225.130 - - [02/Jun/2025:05:09:40 +0000] "GET /home?_rsc=jsfb9 HTTP/1.1" 307 16 "https://ismauaic.com/acasa" "Mozilla/5.0 (Windows NT 10.0; Win64; x64) AppleWebKit/537.36 (KHTML, like Gecko) Chrome/136.0.0.0 Safari/537.36"
104.28.225.130 - - [02/Jun/2025:05:09:40 +0000] "GET /icons/slash-icon.svg HTTP/1.1" 200 211 "https://ismauaic.com/acasa" "Mozilla/5.0 (Windows NT 10.0; Win64; x64) AppleWebKit/537.36 (KHTML, like Gecko) Chrome/136.0.0.0 Safari/537.36"
104.28.225.130 - - [02/Jun/2025:05:09:40 +0000] "GET /icons/mobilenav3.svg HTTP/1.1" 200 991 "https://ismauaic.com/acasa" "Mozilla/5.0 (Windows NT 10.0; Win64; x64) AppleWebKit/537.36 (KHTML, like Gecko) Chrome/136.0.0.0 Safari/537.36"
104.28.225.130 - - [02/Jun/2025:05:09:40 +0000] "GET /icons/mobilenav2.svg HTTP/1.1" 200 780 "https://ismauaic.com/acasa" "Mozilla/5.0 (Windows NT 10.0; Win64; x64) AppleWebKit/537.36 (KHTML, like Gecko) Chrome/136.0.0.0 Safari/537.36"
104.28.225.130 - - [02/Jun/2025:05:09:40 +0000] "GET /icons/mobilenav4.svg HTTP/1.1" 200 716 "https://ismauaic.com/acasa" "Mozilla/5.0 (Windows NT 10.0; Win64; x64) AppleWebKit/537.36 (KHTML, like Gecko) Chrome/136.0.0.0 Safari/537.36"
172.27.0.1 - - [02/Jun/2025:05:09:40 +0000] "GET /backend-api/users?size=1000 HTTP/1.1" 200 238292 "-" "axios/1.8.4"
104.28.225.130 - - [02/Jun/2025:05:09:40 +0000] "POST /acasa HTTP/1.1" 200 414 "https://ismauaic.com/acasa" "Mozilla/5.0 (Windows NT 10.0; Win64; x64) AppleWebKit/537.36 (KHTML, like Gecko) Chrome/136.0.0.0 Safari/537.36"
104.28.225.130 - - [02/Jun/2025:05:09:40 +0000] "GET /icons/buton-user-name.svg HTTP/1.1" 200 1017 "https://ismauaic.com/auth/login" "Mozilla/5.0 (Windows NT 10.0; Win64; x64) AppleWebKit/537.36 (KHTML, like Gecko) Chrome/136.0.0.0 Safari/537.36"
104.28.225.130 - - [02/Jun/2025:05:09:40 +0000] "POST /acasa HTTP/1.1" 200 286 "https://ismauaic.com/acasa" "Mozilla/5.0 (Windows NT 10.0; Win64; x64) AppleWebKit/537.36 (KHTML, like Gecko) Chrome/136.0.0.0 Safari/537.36"
104.28.225.130 - - [02/Jun/2025:05:09:40 +0000] "GET /acasa/cereri?_rsc=jsfb9 HTTP/1.1" 200 1386 "https://ismauaic.com/acasa" "Mozilla/5.0 (Windows NT 10.0; Win64; x64) AppleWebKit/537.36 (KHTML, like Gecko) Chrome/136.0.0.0 Safari/537.36"
104.28.225.130 - - [02/Jun/2025:05:09:40 +0000] "GET /acasa/profile?_rsc=jsfb9 HTTP/1.1" 200 1324 "https://ismauaic.com/acasa" "Mozilla/5.0 (Windows NT 10.0; Win64; x64) AppleWebKit/537.36 (KHTML, like Gecko) Chrome/136.0.0.0 Safari/537.36"
104.28.225.130 - - [02/Jun/2025:05:09:40 +0000] "GET /acasa HTTP/1.1" 200 1425 "https://ismauaic.com/acasa" "Mozilla/5.0 (Windows NT 10.0; Win64; x64) AppleWebKit/537.36 (KHTML, like Gecko) Chrome/136.0.0.0 Safari/537.36"
104.28.225.130 - - [02/Jun/2025:05:09:40 +0000] "GET /acasa/echipamente?_rsc=jsfb9 HTTP/1.1" 200 1351 "https://ismauaic.com/acasa" "Mozilla/5.0 (Windows NT 10.0; Win64; x64) AppleWebKit/537.36 (KHTML, like Gecko) Chrome/136.0.0.0 Safari/537.36"
104.28.225.130 - - [02/Jun/2025:05:09:40 +0000] "GET /_next/static/chunks/app/acasa/cereri/page-10717cddb32a8a90.js HTTP/1.1" 200 3437 "https://ismauaic.com/acasa" "Mozilla/5.0 (Windows NT 10.0; Win64; x64) AppleWebKit/537.36 (KHTML, like Gecko) Chrome/136.0.0.0 Safari/537.36"
104.28.225.130 - - [02/Jun/2025:05:09:40 +0000] "GET /_next/static/chunks/app/acasa/echipamente/page-fb785e4256dc96b6.js HTTP/1.1" 200 2941 "https://ismauaic.com/acasa" "Mozilla/5.0 (Windows NT 10.0; Win64; x64) AppleWebKit/537.36 (KHTML, like Gecko) Chrome/136.0.0.0 Safari/537.36"
194.176.167.89 - - [02/Jun/2025:05:09:40 +0000] "POST / HTTP/1.1" 200 87 "https://ismauaic.com/" "Mozilla/5.0 (Windows NT 10.0; Win64; x64) AppleWebKit/537.36 (KHTML, like Gecko) Chrome/136.0.0.0 Safari/537.36"
194.176.167.89 - - [02/Jun/2025:05:09:41 +0000] "GET /acasa?_rsc=1ld0r HTTP/1.1" 200 1425 "https://ismauaic.com/" "Mozilla/5.0 (Windows NT 10.0; Win64; x64) AppleWebKit/537.36 (KHTML, like Gecko) Chrome/136.0.0.0 Safari/537.36"
194.176.167.89 - - [02/Jun/2025:05:09:42 +0000] "GET /IsmaBlack.svg HTTP/1.1" 304 0 "https://ismauaic.com/" "Mozilla/5.0 (Windows NT 10.0; Win64; x64) AppleWebKit/537.36 (KHTML, like Gecko) Chrome/136.0.0.0 Safari/537.36"
194.176.167.89 - - [02/Jun/2025:05:09:42 +0000] "POST /acasa HTTP/1.1" 200 277 "https://ismauaic.com/acasa" "Mozilla/5.0 (Windows NT 10.0; Win64; x64) AppleWebKit/537.36 (KHTML, like Gecko) Chrome/136.0.0.0 Safari/537.36"
194.176.167.89 - - [02/Jun/2025:05:09:42 +0000] "GET /icons/mobilenav1.svg HTTP/1.1" 304 0 "https://ismauaic.com/" "Mozilla/5.0 (Windows NT 10.0; Win64; x64) AppleWebKit/537.36 (KHTML, like Gecko) Chrome/136.0.0.0 Safari/537.36"
194.176.167.89 - - [02/Jun/2025:05:09:42 +0000] "GET /icons/buton-logout.svg HTTP/1.1" 304 0 "https://ismauaic.com/" "Mozilla/5.0 (Windows NT 10.0; Win64; x64) AppleWebKit/537.36 (KHTML, like Gecko) Chrome/136.0.0.0 Safari/537.36"
194.176.167.89 - - [02/Jun/2025:05:09:42 +0000] "GET /icons/buton-user-name.svg HTTP/1.1" 304 0 "https://ismauaic.com/" "Mozilla/5.0 (Windows NT 10.0; Win64; x64) AppleWebKit/537.36 (KHTML, like Gecko) Chrome/136.0.0.0 Safari/537.36"
194.176.167.89 - - [02/Jun/2025:05:09:42 +0000] "GET /icons/slash-icon.svg HTTP/1.1" 304 0 "https://ismauaic.com/acasa" "Mozilla/5.0 (Windows NT 10.0; Win64; x64) AppleWebKit/537.36 (KHTML, like Gecko) Chrome/136.0.0.0 Safari/537.36"
194.176.167.89 - - [02/Jun/2025:05:09:42 +0000] "GET /home?_rsc=jsfb9 HTTP/1.1" 307 16 "https://ismauaic.com/acasa" "Mozilla/5.0 (Windows NT 10.0; Win64; x64) AppleWebKit/537.36 (KHTML, like Gecko) Chrome/136.0.0.0 Safari/537.36"
194.176.167.89 - - [02/Jun/2025:05:09:42 +0000] "GET /acasa HTTP/1.1" 200 1425 "https://ismauaic.com/acasa" "Mozilla/5.0 (Windows NT 10.0; Win64; x64) AppleWebKit/537.36 (KHTML, like Gecko) Chrome/136.0.0.0 Safari/537.36"
194.176.167.89 - - [02/Jun/2025:05:09:42 +0000] "GET /icons/icon-administrare.svg HTTP/1.1" 304 0 "https://ismauaic.com/acasa" "Mozilla/5.0 (Windows NT 10.0; Win64; x64) AppleWebKit/537.36 (KHTML, like Gecko) Chrome/136.0.0.0 Safari/537.36"
194.176.167.89 - - [02/Jun/2025:05:09:42 +0000] "GET /acasa/administrare?_rsc=jsfb9 HTTP/1.1" 200 1387 "https://ismauaic.com/acasa" "Mozilla/5.0 (Windows NT 10.0; Win64; x64) AppleWebKit/537.36 (KHTML, like Gecko) Chrome/136.0.0.0 Safari/537.36"
194.176.167.89 - - [02/Jun/2025:05:09:42 +0000] "GET /acasa/administrare/echipamente?_rsc=jsfb9 HTTP/1.1" 200 1490 "https://ismauaic.com/acasa" "Mozilla/5.0 (Windows NT 10.0; Win64; x64) AppleWebKit/537.36 (KHTML, like Gecko) Chrome/136.0.0.0 Safari/537.36"
172.27.0.1 - - [02/Jun/2025:05:09:42 +0000] "GET /backend-api/users?size=1000 HTTP/1.1" 200 238292 "-" "axios/1.8.4"
194.176.167.89 - - [02/Jun/2025:05:09:42 +0000] "POST /acasa HTTP/1.1" 200 414 "https://ismauaic.com/acasa" "Mozilla/5.0 (Windows NT 10.0; Win64; x64) AppleWebKit/537.36 (KHTML, like Gecko) Chrome/136.0.0.0 Safari/537.36"
194.176.167.89 - - [02/Jun/2025:05:09:42 +0000] "POST /acasa HTTP/1.1" 200 277 "https://ismauaic.com/acasa" "Mozilla/5.0 (Windows NT 10.0; Win64; x64) AppleWebKit/537.36 (KHTML, like Gecko) Chrome/136.0.0.0 Safari/537.36"
194.176.167.89 - - [02/Jun/2025:05:09:42 +0000] "GET /acasa/administrare/utilizatori?_rsc=jsfb9 HTTP/1.1" 200 1399 "https://ismauaic.com/acasa" "Mozilla/5.0 (Windows NT 10.0; Win64; x64) AppleWebKit/537.36 (KHTML, like Gecko) Chrome/136.0.0.0 Safari/537.36"
104.28.225.130 - - [02/Jun/2025:05:09:43 +0000] "GET /_next/image?url=%2Ficons%2FSearchIcon.png&w=32&q=75 HTTP/1.1" 200 339 "https://ismauaic.com/acasa/echipamente" "Mozilla/5.0 (Windows NT 10.0; Win64; x64) AppleWebKit/537.36 (KHTML, like Gecko) Chrome/136.0.0.0 Safari/537.36"
172.27.0.1 - - [02/Jun/2025:05:09:43 +0000] "GET /backend-api/equipment HTTP/1.1" 200 100581 "-" "axios/1.8.4"
104.28.225.130 - - [02/Jun/2025:05:09:43 +0000] "POST /acasa/echipamente HTTP/1.1" 200 19773 "https://ismauaic.com/acasa/echipamente" "Mozilla/5.0 (Windows NT 10.0; Win64; x64) AppleWebKit/537.36 (KHTML, like Gecko) Chrome/136.0.0.0 Safari/537.36"
104.28.225.130 - - [02/Jun/2025:05:09:43 +0000] "GET /acasa/echipamente/echipament/1?_rsc=664h5 HTTP/1.1" 200 169 "https://ismauaic.com/acasa/echipamente" "Mozilla/5.0 (Windows NT 10.0; Win64; x64) AppleWebKit/537.36 (KHTML, like Gecko) Chrome/136.0.0.0 Safari/537.36"
104.28.225.130 - - [02/Jun/2025:05:09:43 +0000] "GET /acasa/echipamente/echipament/2?_rsc=664h5 HTTP/1.1" 200 169 "https://ismauaic.com/acasa/echipamente" "Mozilla/5.0 (Windows NT 10.0; Win64; x64) AppleWebKit/537.36 (KHTML, like Gecko) Chrome/136.0.0.0 Safari/537.36"
104.28.225.130 - - [02/Jun/2025:05:09:43 +0000] "GET /acasa/echipamente/echipament/5?_rsc=664h5 HTTP/1.1" 200 169 "https://ismauaic.com/acasa/echipamente" "Mozilla/5.0 (Windows NT 10.0; Win64; x64) AppleWebKit/537.36 (KHTML, like Gecko) Chrome/136.0.0.0 Safari/537.36"
104.28.225.130 - - [02/Jun/2025:05:09:43 +0000] "GET /acasa/echipamente/echipament/3?_rsc=664h5 HTTP/1.1" 200 169 "https://ismauaic.com/acasa/echipamente" "Mozilla/5.0 (Windows NT 10.0; Win64; x64) AppleWebKit/537.36 (KHTML, like Gecko) Chrome/136.0.0.0 Safari/537.36"
104.28.225.130 - - [02/Jun/2025:05:09:43 +0000] "GET /acasa/echipamente/echipament/4?_rsc=664h5 HTTP/1.1" 200 169 "https://ismauaic.com/acasa/echipamente" "Mozilla/5.0 (Windows NT 10.0; Win64; x64) AppleWebKit/537.36 (KHTML, like Gecko) Chrome/136.0.0.0 Safari/537.36"
104.28.225.130 - - [02/Jun/2025:05:09:43 +0000] "GET /acasa/echipamente/echipament/6?_rsc=664h5 HTTP/1.1" 200 169 "https://ismauaic.com/acasa/echipamente" "Mozilla/5.0 (Windows NT 10.0; Win64; x64) AppleWebKit/537.36 (KHTML, like Gecko) Chrome/136.0.0.0 Safari/537.36"
104.28.225.130 - - [02/Jun/2025:05:09:43 +0000] "GET /acasa/echipamente/echipament/7?_rsc=664h5 HTTP/1.1" 200 169 "https://ismauaic.com/acasa/echipamente" "Mozilla/5.0 (Windows NT 10.0; Win64; x64) AppleWebKit/537.36 (KHTML, like Gecko) Chrome/136.0.0.0 Safari/537.36"
104.28.225.130 - - [02/Jun/2025:05:09:43 +0000] "GET /acasa/echipamente/echipament/9?_rsc=664h5 HTTP/1.1" 200 169 "https://ismauaic.com/acasa/echipamente" "Mozilla/5.0 (Windows NT 10.0; Win64; x64) AppleWebKit/537.36 (KHTML, like Gecko) Chrome/136.0.0.0 Safari/537.36"
104.28.225.130 - - [02/Jun/2025:05:09:43 +0000] "GET /acasa/echipamente/echipament/10?_rsc=664h5 HTTP/1.1" 200 170 "https://ismauaic.com/acasa/echipamente" "Mozilla/5.0 (Windows NT 10.0; Win64; x64) AppleWebKit/537.36 (KHTML, like Gecko) Chrome/136.0.0.0 Safari/537.36"
104.28.225.130 - - [02/Jun/2025:05:09:43 +0000] "GET /acasa/echipamente/echipament/8?_rsc=664h5 HTTP/1.1" 200 169 "https://ismauaic.com/acasa/echipamente" "Mozilla/5.0 (Windows NT 10.0; Win64; x64) AppleWebKit/537.36 (KHTML, like Gecko) Chrome/136.0.0.0 Safari/537.36"
104.28.225.130 - - [02/Jun/2025:05:09:44 +0000] "GET /acasa/echipamente/echipament/11?_rsc=664h5 HTTP/1.1" 200 170 "https://ismauaic.com/acasa/echipamente" "Mozilla/5.0 (Windows NT 10.0; Win64; x64) AppleWebKit/537.36 (KHTML, like Gecko) Chrome/136.0.0.0 Safari/537.36"
104.28.225.130 - - [02/Jun/2025:05:09:44 +0000] "GET /acasa/echipamente/echipament/12?_rsc=664h5 HTTP/1.1" 200 170 "https://ismauaic.com/acasa/echipamente" "Mozilla/5.0 (Windows NT 10.0; Win64; x64) AppleWebKit/537.36 (KHTML, like Gecko) Chrome/136.0.0.0 Safari/537.36"
104.28.225.130 - - [02/Jun/2025:05:09:44 +0000] "GET /acasa/echipamente/echipament/13?_rsc=664h5 HTTP/1.1" 200 170 "https://ismauaic.com/acasa/echipamente" "Mozilla/5.0 (Windows NT 10.0; Win64; x64) AppleWebKit/537.36 (KHTML, like Gecko) Chrome/136.0.0.0 Safari/537.36"
104.28.225.130 - - [02/Jun/2025:05:09:44 +0000] "GET /acasa/echipamente/echipament/14?_rsc=664h5 HTTP/1.1" 200 170 "https://ismauaic.com/acasa/echipamente" "Mozilla/5.0 (Windows NT 10.0; Win64; x64) AppleWebKit/537.36 (KHTML, like Gecko) Chrome/136.0.0.0 Safari/537.36"
104.28.225.130 - - [02/Jun/2025:05:09:44 +0000] "GET /acasa/echipamente/echipament/15?_rsc=664h5 HTTP/1.1" 200 170 "https://ismauaic.com/acasa/echipamente" "Mozilla/5.0 (Windows NT 10.0; Win64; x64) AppleWebKit/537.36 (KHTML, like Gecko) Chrome/136.0.0.0 Safari/537.36"
104.28.225.130 - - [02/Jun/2025:05:09:44 +0000] "GET /acasa/echipamente/echipament/16?_rsc=664h5 HTTP/1.1" 200 170 "https://ismauaic.com/acasa/echipamente" "Mozilla/5.0 (Windows NT 10.0; Win64; x64) AppleWebKit/537.36 (KHTML, like Gecko) Chrome/136.0.0.0 Safari/537.36"
104.28.225.130 - - [02/Jun/2025:05:09:44 +0000] "GET /acasa/echipamente/echipament/17?_rsc=664h5 HTTP/1.1" 200 170 "https://ismauaic.com/acasa/echipamente" "Mozilla/5.0 (Windows NT 10.0; Win64; x64) AppleWebKit/537.36 (KHTML, like Gecko) Chrome/136.0.0.0 Safari/537.36"
104.28.225.130 - - [02/Jun/2025:05:09:45 +0000] "GET /acasa/echipamente/echipament/18?_rsc=664h5 HTTP/1.1" 200 170 "https://ismauaic.com/acasa/echipamente" "Mozilla/5.0 (Windows NT 10.0; Win64; x64) AppleWebKit/537.36 (KHTML, like Gecko) Chrome/136.0.0.0 Safari/537.36"
104.28.225.130 - - [02/Jun/2025:05:09:45 +0000] "GET /acasa/echipamente/echipament/19?_rsc=664h5 HTTP/1.1" 200 170 "https://ismauaic.com/acasa/echipamente" "Mozilla/5.0 (Windows NT 10.0; Win64; x64) AppleWebKit/537.36 (KHTML, like Gecko) Chrome/136.0.0.0 Safari/537.36"
104.28.225.130 - - [02/Jun/2025:05:09:45 +0000] "GET /acasa/echipamente/echipament/20?_rsc=664h5 HTTP/1.1" 200 170 "https://ismauaic.com/acasa/echipamente" "Mozilla/5.0 (Windows NT 10.0; Win64; x64) AppleWebKit/537.36 (KHTML, like Gecko) Chrome/136.0.0.0 Safari/537.36"
104.28.225.130 - - [02/Jun/2025:05:09:45 +0000] "GET /acasa/echipamente/echipament/21?_rsc=664h5 HTTP/1.1" 200 170 "https://ismauaic.com/acasa/echipamente" "Mozilla/5.0 (Windows NT 10.0; Win64; x64) AppleWebKit/537.36 (KHTML, like Gecko) Chrome/136.0.0.0 Safari/537.36"
104.28.225.130 - - [02/Jun/2025:05:09:45 +0000] "GET /acasa/echipamente/echipament/22?_rsc=664h5 HTTP/1.1" 200 170 "https://ismauaic.com/acasa/echipamente" "Mozilla/5.0 (Windows NT 10.0; Win64; x64) AppleWebKit/537.36 (KHTML, like Gecko) Chrome/136.0.0.0 Safari/537.36"
104.28.225.130 - - [02/Jun/2025:05:09:45 +0000] "GET /acasa/echipamente/echipament/23?_rsc=664h5 HTTP/1.1" 200 170 "https://ismauaic.com/acasa/echipamente" "Mozilla/5.0 (Windows NT 10.0; Win64; x64) AppleWebKit/537.36 (KHTML, like Gecko) Chrome/136.0.0.0 Safari/537.36"
104.28.225.130 - - [02/Jun/2025:05:09:45 +0000] "GET /acasa/echipamente/echipament/24?_rsc=664h5 HTTP/1.1" 200 170 "https://ismauaic.com/acasa/echipamente" "Mozilla/5.0 (Windows NT 10.0; Win64; x64) AppleWebKit/537.36 (KHTML, like Gecko) Chrome/136.0.0.0 Safari/537.36"
104.28.225.130 - - [02/Jun/2025:05:09:45 +0000] "GET /acasa/echipamente/echipament/25?_rsc=664h5 HTTP/1.1" 200 170 "https://ismauaic.com/acasa/echipamente" "Mozilla/5.0 (Windows NT 10.0; Win64; x64) AppleWebKit/537.36 (KHTML, like Gecko) Chrome/136.0.0.0 Safari/537.36"
104.28.225.130 - - [02/Jun/2025:05:09:45 +0000] "GET /acasa/echipamente/echipament/26?_rsc=664h5 HTTP/1.1" 200 170 "https://ismauaic.com/acasa/echipamente" "Mozilla/5.0 (Windows NT 10.0; Win64; x64) AppleWebKit/537.36 (KHTML, like Gecko) Chrome/136.0.0.0 Safari/537.36"
104.28.225.130 - - [02/Jun/2025:05:09:45 +0000] "GET /acasa/echipamente/echipament/27?_rsc=664h5 HTTP/1.1" 200 170 "https://ismauaic.com/acasa/echipamente" "Mozilla/5.0 (Windows NT 10.0; Win64; x64) AppleWebKit/537.36 (KHTML, like Gecko) Chrome/136.0.0.0 Safari/537.36"
104.28.225.130 - - [02/Jun/2025:05:09:45 +0000] "GET /acasa/echipamente/echipament/28?_rsc=664h5 HTTP/1.1" 200 170 "https://ismauaic.com/acasa/echipamente" "Mozilla/5.0 (Windows NT 10.0; Win64; x64) AppleWebKit/537.36 (KHTML, like Gecko) Chrome/136.0.0.0 Safari/537.36"
104.28.225.130 - - [02/Jun/2025:05:09:45 +0000] "GET /acasa/echipamente/echipament/29?_rsc=664h5 HTTP/1.1" 200 170 "https://ismauaic.com/acasa/echipamente" "Mozilla/5.0 (Windows NT 10.0; Win64; x64) AppleWebKit/537.36 (KHTML, like Gecko) Chrome/136.0.0.0 Safari/537.36"
104.28.225.130 - - [02/Jun/2025:05:09:45 +0000] "GET /acasa/echipamente/echipament/30?_rsc=664h5 HTTP/1.1" 200 170 "https://ismauaic.com/acasa/echipamente" "Mozilla/5.0 (Windows NT 10.0; Win64; x64) AppleWebKit/537.36 (KHTML, like Gecko) Chrome/136.0.0.0 Safari/537.36"
172.27.0.1 - - [02/Jun/2025:05:09:47 +0000] "GET /backend-api/my-access-requests HTTP/1.1" 404 72 "-" "axios/1.8.4"
104.28.225.130 - - [02/Jun/2025:05:09:47 +0000] "POST /acasa/cereri HTTP/1.1" 200 161 "https://ismauaic.com/acasa/cereri" "Mozilla/5.0 (Windows NT 10.0; Win64; x64) AppleWebKit/537.36 (KHTML, like Gecko) Chrome/136.0.0.0 Safari/537.36"
172.27.0.1 - - [02/Jun/2025:05:10:05 +0000] "POST /backend-api/auth/login HTTP/1.1" 200 184 "-" "axios/1.8.4"
31.14.252.3 - - [02/Jun/2025:05:10:05 +0000] "POST /auth/login HTTP/1.1" 200 1973 "https://ismauaic.com/auth/login" "Mozilla/5.0 (Windows NT 10.0; Win64; x64) AppleWebKit/537.36 (KHTML, like Gecko) Chrome/136.0.0.0 Safari/537.36"
31.14.252.3 - - [02/Jun/2025:05:10:05 +0000] "GET /acasa?_rsc=1yhn7 HTTP/1.1" 200 1425 "https://ismauaic.com/auth/login" "Mozilla/5.0 (Windows NT 10.0; Win64; x64) AppleWebKit/537.36 (KHTML, like Gecko) Chrome/136.0.0.0 Safari/537.36"
31.14.252.3 - - [02/Jun/2025:05:10:05 +0000] "GET /home?_rsc=jsfb9 HTTP/1.1" 307 16 "https://ismauaic.com/acasa" "Mozilla/5.0 (Windows NT 10.0; Win64; x64) AppleWebKit/537.36 (KHTML, like Gecko) Chrome/136.0.0.0 Safari/537.36"
31.14.252.3 - - [02/Jun/2025:05:10:06 +0000] "POST /acasa HTTP/1.1" 200 277 "https://ismauaic.com/acasa" "Mozilla/5.0 (Windows NT 10.0; Win64; x64) AppleWebKit/537.36 (KHTML, like Gecko) Chrome/136.0.0.0 Safari/537.36"
31.14.252.3 - - [02/Jun/2025:05:10:06 +0000] "GET /acasa/administrare?_rsc=jsfb9 HTTP/1.1" 200 1387 "https://ismauaic.com/acasa" "Mozilla/5.0 (Windows NT 10.0; Win64; x64) AppleWebKit/537.36 (KHTML, like Gecko) Chrome/136.0.0.0 Safari/537.36"
31.14.252.3 - - [02/Jun/2025:05:10:06 +0000] "GET /acasa/administrare/utilizatori?_rsc=jsfb9 HTTP/1.1" 200 1399 "https://ismauaic.com/acasa" "Mozilla/5.0 (Windows NT 10.0; Win64; x64) AppleWebKit/537.36 (KHTML, like Gecko) Chrome/136.0.0.0 Safari/537.36"
31.14.252.3 - - [02/Jun/2025:05:10:06 +0000] "GET /acasa/administrare/echipamente?_rsc=jsfb9 HTTP/1.1" 200 1490 "https://ismauaic.com/acasa" "Mozilla/5.0 (Windows NT 10.0; Win64; x64) AppleWebKit/537.36 (KHTML, like Gecko) Chrome/136.0.0.0 Safari/537.36"
172.27.0.1 - - [02/Jun/2025:05:10:06 +0000] "GET /backend-api/users?size=1000 HTTP/1.1" 200 238292 "-" "axios/1.8.4"
31.14.252.3 - - [02/Jun/2025:05:10:06 +0000] "POST /acasa HTTP/1.1" 200 414 "https://ismauaic.com/acasa" "Mozilla/5.0 (Windows NT 10.0; Win64; x64) AppleWebKit/537.36 (KHTML, like Gecko) Chrome/136.0.0.0 Safari/537.36"
31.14.252.3 - - [02/Jun/2025:05:10:06 +0000] "POST /acasa HTTP/1.1" 200 277 "https://ismauaic.com/acasa" "Mozilla/5.0 (Windows NT 10.0; Win64; x64) AppleWebKit/537.36 (KHTML, like Gecko) Chrome/136.0.0.0 Safari/537.36"
31.14.252.3 - - [02/Jun/2025:05:10:06 +0000] "GET /acasa HTTP/1.1" 200 1425 "https://ismauaic.com/acasa" "Mozilla/5.0 (Windows NT 10.0; Win64; x64) AppleWebKit/537.36 (KHTML, like Gecko) Chrome/136.0.0.0 Safari/537.36"
172.27.0.1 - - [02/Jun/2025:05:10:06 +0000] "GET /backend-api/equipment HTTP/1.1" 200 100588 "-" "axios/1.8.4"
104.28.225.130 - - [02/Jun/2025:05:10:06 +0000] "POST /acasa/echipamente HTTP/1.1" 200 19773 "https://ismauaic.com/acasa/echipamente" "Mozilla/5.0 (Windows NT 10.0; Win64; x64) AppleWebKit/537.36 (KHTML, like Gecko) Chrome/136.0.0.0 Safari/537.36"
31.14.252.3 - - [02/Jun/2025:05:10:18 +0000] "GET /_next/image?url=%2Ficons%2FSearchIcon.png&w=48&q=75 HTTP/1.1" 304 0 "https://ismauaic.com/acasa/administrare/echipamente" "Mozilla/5.0 (Windows NT 10.0; Win64; x64) AppleWebKit/537.36 (KHTML, like Gecko) Chrome/136.0.0.0 Safari/537.36"
31.14.252.3 - - [02/Jun/2025:05:10:18 +0000] "POST /acasa/administrare/echipamente HTTP/1.1" 200 277 "https://ismauaic.com/acasa/administrare/echipamente" "Mozilla/5.0 (Windows NT 10.0; Win64; x64) AppleWebKit/537.36 (KHTML, like Gecko) Chrome/136.0.0.0 Safari/537.36"
172.27.0.1 - - [02/Jun/2025:05:10:18 +0000] "GET /backend-api/equipment HTTP/1.1" 200 100581 "-" "axios/1.8.4"
31.14.252.3 - - [02/Jun/2025:05:10:18 +0000] "POST /acasa/administrare/echipamente HTTP/1.1" 200 19781 "https://ismauaic.com/acasa/administrare/echipamente" "Mozilla/5.0 (Windows NT 10.0; Win64; x64) AppleWebKit/537.36 (KHTML, like Gecko) Chrome/136.0.0.0 Safari/537.36"
31.14.252.3 - - [02/Jun/2025:05:10:27 +0000] "GET /acasa/administrare/echipamente/nou?_rsc=162ho HTTP/1.1" 200 1437 "https://ismauaic.com/acasa/administrare/echipamente" "Mozilla/5.0 (Windows NT 10.0; Win64; x64) AppleWebKit/537.36 (KHTML, like Gecko) Chrome/136.0.0.0 Safari/537.36"
31.14.252.3 - - [02/Jun/2025:05:10:27 +0000] "GET /_next/static/css/532ca0086a8a7849.css HTTP/1.1" 200 559 "https://ismauaic.com/acasa/administrare/echipamente" "Mozilla/5.0 (Windows NT 10.0; Win64; x64) AppleWebKit/537.36 (KHTML, like Gecko) Chrome/136.0.0.0 Safari/537.36"
31.14.252.3 - - [02/Jun/2025:05:10:27 +0000] "GET /_next/static/chunks/app/acasa/administrare/echipamente/nou/page-a72ed9f2e810eeae.js HTTP/1.1" 200 5309 "https://ismauaic.com/acasa/administrare/echipamente" "Mozilla/5.0 (Windows NT 10.0; Win64; x64) AppleWebKit/537.36 (KHTML, like Gecko) Chrome/136.0.0.0 Safari/537.36"
31.14.252.3 - - [02/Jun/2025:05:10:27 +0000] "GET /_next/static/media/d7bc66a430c2e4e3-s.woff2 HTTP/1.1" 200 36384 "https://ismauaic.com/_next/static/css/3a8b20406852a04d.css" "Mozilla/5.0 (Windows NT 10.0; Win64; x64) AppleWebKit/537.36 (KHTML, like Gecko) Chrome/136.0.0.0 Safari/537.36"
31.14.252.3 - - [02/Jun/2025:05:10:27 +0000] "GET /icons/back-arrow.svg HTTP/1.1" 200 932 "https://ismauaic.com/acasa/administrare/echipamente" "Mozilla/5.0 (Windows NT 10.0; Win64; x64) AppleWebKit/537.36 (KHTML, like Gecko) Chrome/136.0.0.0 Safari/537.36"
43.157.95.239 - - [02/Jun/2025:05:10:29 +0000] "GET / HTTP/1.1" 301 169 "-" "Mozilla/5.0 (iPhone; CPU iPhone OS 13_2_3 like Mac OS X) AppleWebKit/605.1.15 (KHTML, like Gecko) Version/13.0.3 Mobile/15E148 Safari/604.1"
43.157.95.239 - - [02/Jun/2025:05:10:33 +0000] "GET / HTTP/1.1" 200 2070 "http://m.ismauaic.com" "Mozilla/5.0 (iPhone; CPU iPhone OS 13_2_3 like Mac OS X) AppleWebKit/605.1.15 (KHTML, like Gecko) Version/13.0.3 Mobile/15E148 Safari/604.1"
103.56.60.82 - - [02/Jun/2025:05:11:34 +0000] "GET /cdn-cgi/trace HTTP/1.1" 404 2295 "-" "Mozilla/5.0 (Macintosh; Intel Mac OS X 10_15_7) AppleWebKit/537.36 (KHTML, like Gecko) Chrome/123.0.0.0 Safari/537.36"
31.14.252.3 - - [02/Jun/2025:05:11:40 +0000] "POST /acasa/administrare/echipamente/nou HTTP/1.1" 200 117 "https://ismauaic.com/acasa/administrare/echipamente/nou" "Mozilla/5.0 (Windows NT 10.0; Win64; x64) AppleWebKit/537.36 (KHTML, like Gecko) Chrome/136.0.0.0 Safari/537.36"
172.27.0.1 - - [02/Jun/2025:05:11:46 +0000] "POST /backend-api/equipment HTTP/1.1" 201 306 "-" "axios/1.8.4"
31.14.252.3 - - [02/Jun/2025:05:11:46 +0000] "POST /acasa/administrare/echipamente/nou HTTP/1.1" 200 318 "https://ismauaic.com/acasa/administrare/echipamente/nou" "Mozilla/5.0 (Windows NT 10.0; Win64; x64) AppleWebKit/537.36 (KHTML, like Gecko) Chrome/136.0.0.0 Safari/537.36"
31.14.252.3 - - [02/Jun/2025:05:11:46 +0000] "GET /animated-characters/jumping.svg HTTP/1.1" 200 14630 "https://ismauaic.com/acasa/administrare/echipamente/nou" "Mozilla/5.0 (Windows NT 10.0; Win64; x64) AppleWebKit/537.36 (KHTML, like Gecko) Chrome/136.0.0.0 Safari/537.36"
31.14.252.3 - - [02/Jun/2025:05:11:46 +0000] "GET /_next/static/media/236f90cfe8cce01f-s.woff2 HTTP/1.1" 200 36280 "https://ismauaic.com/_next/static/css/3a8b20406852a04d.css" "Mozilla/5.0 (Windows NT 10.0; Win64; x64) AppleWebKit/537.36 (KHTML, like Gecko) Chrome/136.0.0.0 Safari/537.36"
31.14.252.3 - - [02/Jun/2025:05:11:50 +0000] "GET /_next/image?url=%2Ficons%2FSearchIcon.png&w=48&q=75 HTTP/1.1" 304 0 "https://ismauaic.com/acasa/administrare/echipamente" "Mozilla/5.0 (Windows NT 10.0; Win64; x64) AppleWebKit/537.36 (KHTML, like Gecko) Chrome/136.0.0.0 Safari/537.36"
31.14.252.3 - - [02/Jun/2025:05:11:50 +0000] "POST /acasa/administrare/echipamente HTTP/1.1" 200 277 "https://ismauaic.com/acasa/administrare/echipamente" "Mozilla/5.0 (Windows NT 10.0; Win64; x64) AppleWebKit/537.36 (KHTML, like Gecko) Chrome/136.0.0.0 Safari/537.36"
172.27.0.1 - - [02/Jun/2025:05:11:50 +0000] "GET /backend-api/equipment HTTP/1.1" 200 100883 "-" "axios/1.8.4"
31.14.252.3 - - [02/Jun/2025:05:11:50 +0000] "POST /acasa/administrare/echipamente HTTP/1.1" 200 19842 "https://ismauaic.com/acasa/administrare/echipamente" "Mozilla/5.0 (Windows NT 10.0; Win64; x64) AppleWebKit/537.36 (KHTML, like Gecko) Chrome/136.0.0.0 Safari/537.36"
172.27.0.1 - - [02/Jun/2025:05:12:12 +0000] "GET /backend-api/users?size=1000 HTTP/1.1" 200 238292 "-" "axios/1.8.4"
31.14.252.3 - - [02/Jun/2025:05:12:12 +0000] "POST /acasa/administrare/utilizatori HTTP/1.1" 200 20713 "https://ismauaic.com/acasa/administrare/utilizatori" "Mozilla/5.0 (Windows NT 10.0; Win64; x64) AppleWebKit/537.36 (KHTML, like Gecko) Chrome/136.0.0.0 Safari/537.36"
172.27.0.1 - - [02/Jun/2025:05:12:19 +0000] "PUT /backend-api/users/10/approve HTTP/1.1" 200 31 "-" "axios/1.8.4"
31.14.252.3 - - [02/Jun/2025:05:12:19 +0000] "POST /acasa/administrare/utilizatori HTTP/1.1" 200 145 "https://ismauaic.com/acasa/administrare/utilizatori" "Mozilla/5.0 (Windows NT 10.0; Win64; x64) AppleWebKit/537.36 (KHTML, like Gecko) Chrome/136.0.0.0 Safari/537.36"
31.14.252.3 - - [02/Jun/2025:05:12:33 +0000] "GET /acasa/administrare/utilizatori HTTP/1.1" 200 3034 "-" "Mozilla/5.0 (Windows NT 10.0; Win64; x64) AppleWebKit/537.36 (KHTML, like Gecko) Chrome/136.0.0.0 Safari/537.36"
31.14.252.3 - - [02/Jun/2025:05:12:33 +0000] "GET /IsmaBlack.svg HTTP/1.1" 304 0 "https://ismauaic.com/acasa/administrare/utilizatori" "Mozilla/5.0 (Windows NT 10.0; Win64; x64) AppleWebKit/537.36 (KHTML, like Gecko) Chrome/136.0.0.0 Safari/537.36"
31.14.252.3 - - [02/Jun/2025:05:12:33 +0000] "GET /icons/mobilenav1.svg HTTP/1.1" 304 0 "https://ismauaic.com/acasa/administrare/utilizatori" "Mozilla/5.0 (Windows NT 10.0; Win64; x64) AppleWebKit/537.36 (KHTML, like Gecko) Chrome/136.0.0.0 Safari/537.36"
31.14.252.3 - - [02/Jun/2025:05:12:33 +0000] "GET /icons/buton-logout.svg HTTP/1.1" 304 0 "https://ismauaic.com/acasa/administrare/utilizatori" "Mozilla/5.0 (Windows NT 10.0; Win64; x64) AppleWebKit/537.36 (KHTML, like Gecko) Chrome/136.0.0.0 Safari/537.36"
31.14.252.3 - - [02/Jun/2025:05:12:33 +0000] "GET /icons/buton-user-name.svg HTTP/1.1" 304 0 "https://ismauaic.com/acasa/administrare/utilizatori" "Mozilla/5.0 (Windows NT 10.0; Win64; x64) AppleWebKit/537.36 (KHTML, like Gecko) Chrome/136.0.0.0 Safari/537.36"
31.14.252.3 - - [02/Jun/2025:05:12:33 +0000] "GET /home?_rsc=33dh4 HTTP/1.1" 307 16 "https://ismauaic.com/acasa/administrare/utilizatori" "Mozilla/5.0 (Windows NT 10.0; Win64; x64) AppleWebKit/537.36 (KHTML, like Gecko) Chrome/136.0.0.0 Safari/537.36"
31.14.252.3 - - [02/Jun/2025:05:12:33 +0000] "POST /acasa/administrare/utilizatori HTTP/1.1" 200 277 "https://ismauaic.com/acasa/administrare/utilizatori" "Mozilla/5.0 (Windows NT 10.0; Win64; x64) AppleWebKit/537.36 (KHTML, like Gecko) Chrome/136.0.0.0 Safari/537.36"
31.14.252.3 - - [02/Jun/2025:05:12:33 +0000] "GET /icons/slash-icon.svg HTTP/1.1" 304 0 "https://ismauaic.com/acasa/administrare/utilizatori" "Mozilla/5.0 (Windows NT 10.0; Win64; x64) AppleWebKit/537.36 (KHTML, like Gecko) Chrome/136.0.0.0 Safari/537.36"
31.14.252.3 - - [02/Jun/2025:05:12:33 +0000] "GET /acasa?_rsc=33dh4 HTTP/1.1" 200 1425 "https://ismauaic.com/acasa/administrare/utilizatori" "Mozilla/5.0 (Windows NT 10.0; Win64; x64) AppleWebKit/537.36 (KHTML, like Gecko) Chrome/136.0.0.0 Safari/537.36"
31.14.252.3 - - [02/Jun/2025:05:12:33 +0000] "GET /icons/icon-administrare.svg HTTP/1.1" 304 0 "https://ismauaic.com/acasa/administrare/utilizatori" "Mozilla/5.0 (Windows NT 10.0; Win64; x64) AppleWebKit/537.36 (KHTML, like Gecko) Chrome/136.0.0.0 Safari/537.36"
31.14.252.3 - - [02/Jun/2025:05:12:33 +0000] "GET /acasa HTTP/1.1" 200 1425 "https://ismauaic.com/acasa/administrare/utilizatori" "Mozilla/5.0 (Windows NT 10.0; Win64; x64) AppleWebKit/537.36 (KHTML, like Gecko) Chrome/136.0.0.0 Safari/537.36"
31.14.252.3 - - [02/Jun/2025:05:12:33 +0000] "GET /acasa/administrare?_rsc=33dh4 HTTP/1.1" 200 1387 "https://ismauaic.com/acasa/administrare/utilizatori" "Mozilla/5.0 (Windows NT 10.0; Win64; x64) AppleWebKit/537.36 (KHTML, like Gecko) Chrome/136.0.0.0 Safari/537.36"
31.14.252.3 - - [02/Jun/2025:05:12:33 +0000] "GET /favicon.ico HTTP/1.1" 200 25944 "https://ismauaic.com/acasa/administrare/utilizatori" "Mozilla/5.0 (Windows NT 10.0; Win64; x64) AppleWebKit/537.36 (KHTML, like Gecko) Chrome/136.0.0.0 Safari/537.36"
31.14.252.3 - - [02/Jun/2025:05:12:33 +0000] "GET /acasa/administrare/echipamente?_rsc=33dh4 HTTP/1.1" 200 1490 "https://ismauaic.com/acasa/administrare/utilizatori" "Mozilla/5.0 (Windows NT 10.0; Win64; x64) AppleWebKit/537.36 (KHTML, like Gecko) Chrome/136.0.0.0 Safari/537.36"
172.27.0.1 - - [02/Jun/2025:05:12:33 +0000] "GET /backend-api/users?size=1000 HTTP/1.1" 200 238290 "-" "axios/1.8.4"
31.14.252.3 - - [02/Jun/2025:05:12:34 +0000] "POST /acasa/administrare/utilizatori HTTP/1.1" 200 20789 "https://ismauaic.com/acasa/administrare/utilizatori" "Mozilla/5.0 (Windows NT 10.0; Win64; x64) AppleWebKit/537.36 (KHTML, like Gecko) Chrome/136.0.0.0 Safari/537.36"
31.14.252.3 - - [02/Jun/2025:05:12:34 +0000] "POST /acasa/administrare/utilizatori HTTP/1.1" 200 277 "https://ismauaic.com/acasa/administrare/utilizatori" "Mozilla/5.0 (Windows NT 10.0; Win64; x64) AppleWebKit/537.36 (KHTML, like Gecko) Chrome/136.0.0.0 Safari/537.36"
172.27.0.1 - - [02/Jun/2025:05:13:10 +0000] "DELETE /backend-api/users/44 HTTP/1.1" 204 0 "-" "axios/1.8.4"
31.14.252.3 - - [02/Jun/2025:05:13:10 +0000] "POST /acasa/administrare/utilizatori HTTP/1.1" 200 137 "https://ismauaic.com/acasa/administrare/utilizatori" "Mozilla/5.0 (Windows NT 10.0; Win64; x64) AppleWebKit/537.36 (KHTML, like Gecko) Chrome/136.0.0.0 Safari/537.36"
31.14.252.3 - - [02/Jun/2025:05:13:13 +0000] "GET /acasa/administrare/utilizatori HTTP/1.1" 200 3034 "-" "Mozilla/5.0 (Windows NT 10.0; Win64; x64) AppleWebKit/537.36 (KHTML, like Gecko) Chrome/136.0.0.0 Safari/537.36"
31.14.252.3 - - [02/Jun/2025:05:13:13 +0000] "GET /IsmaBlack.svg HTTP/1.1" 304 0 "https://ismauaic.com/acasa/administrare/utilizatori" "Mozilla/5.0 (Windows NT 10.0; Win64; x64) AppleWebKit/537.36 (KHTML, like Gecko) Chrome/136.0.0.0 Safari/537.36"
31.14.252.3 - - [02/Jun/2025:05:13:13 +0000] "GET /icons/mobilenav1.svg HTTP/1.1" 304 0 "https://ismauaic.com/acasa/administrare/utilizatori" "Mozilla/5.0 (Windows NT 10.0; Win64; x64) AppleWebKit/537.36 (KHTML, like Gecko) Chrome/136.0.0.0 Safari/537.36"
31.14.252.3 - - [02/Jun/2025:05:13:13 +0000] "GET /icons/buton-logout.svg HTTP/1.1" 304 0 "https://ismauaic.com/acasa/administrare/utilizatori" "Mozilla/5.0 (Windows NT 10.0; Win64; x64) AppleWebKit/537.36 (KHTML, like Gecko) Chrome/136.0.0.0 Safari/537.36"
31.14.252.3 - - [02/Jun/2025:05:13:13 +0000] "POST /acasa/administrare/utilizatori HTTP/1.1" 200 277 "https://ismauaic.com/acasa/administrare/utilizatori" "Mozilla/5.0 (Windows NT 10.0; Win64; x64) AppleWebKit/537.36 (KHTML, like Gecko) Chrome/136.0.0.0 Safari/537.36"
31.14.252.3 - - [02/Jun/2025:05:13:13 +0000] "GET /icons/buton-user-name.svg HTTP/1.1" 304 0 "https://ismauaic.com/acasa/administrare/utilizatori" "Mozilla/5.0 (Windows NT 10.0; Win64; x64) AppleWebKit/537.36 (KHTML, like Gecko) Chrome/136.0.0.0 Safari/537.36"
31.14.252.3 - - [02/Jun/2025:05:13:13 +0000] "GET /_next/image?url=%2Ficons%2FSearchIcon.png&w=48&q=75 HTTP/1.1" 304 0 "https://ismauaic.com/acasa/administrare/utilizatori" "Mozilla/5.0 (Windows NT 10.0; Win64; x64) AppleWebKit/537.36 (KHTML, like Gecko) Chrome/136.0.0.0 Safari/537.36"
31.14.252.3 - - [02/Jun/2025:05:13:13 +0000] "GET /home?_rsc=33dh4 HTTP/1.1" 307 16 "https://ismauaic.com/acasa/administrare/utilizatori" "Mozilla/5.0 (Windows NT 10.0; Win64; x64) AppleWebKit/537.36 (KHTML, like Gecko) Chrome/136.0.0.0 Safari/537.36"
172.27.0.1 - - [02/Jun/2025:05:13:13 +0000] "GET /backend-api/users?size=1000 HTTP/1.1" 200 237134 "-" "axios/1.8.4"
31.14.252.3 - - [02/Jun/2025:05:13:13 +0000] "GET /acasa?_rsc=33dh4 HTTP/1.1" 200 1425 "https://ismauaic.com/acasa/administrare/utilizatori" "Mozilla/5.0 (Windows NT 10.0; Win64; x64) AppleWebKit/537.36 (KHTML, like Gecko) Chrome/136.0.0.0 Safari/537.36"
31.14.252.3 - - [02/Jun/2025:05:13:13 +0000] "GET /icons/slash-icon.svg HTTP/1.1" 304 0 "https://ismauaic.com/acasa/administrare/utilizatori" "Mozilla/5.0 (Windows NT 10.0; Win64; x64) AppleWebKit/537.36 (KHTML, like Gecko) Chrome/136.0.0.0 Safari/537.36"
31.14.252.3 - - [02/Jun/2025:05:13:13 +0000] "GET /icons/icon-administrare.svg HTTP/1.1" 304 0 "https://ismauaic.com/acasa/administrare/utilizatori" "Mozilla/5.0 (Windows NT 10.0; Win64; x64) AppleWebKit/537.36 (KHTML, like Gecko) Chrome/136.0.0.0 Safari/537.36"
31.14.252.3 - - [02/Jun/2025:05:13:13 +0000] "GET /favicon.ico HTTP/1.1" 200 25967 "https://ismauaic.com/acasa/administrare/utilizatori" "Mozilla/5.0 (Windows NT 10.0; Win64; x64) AppleWebKit/537.36 (KHTML, like Gecko) Chrome/136.0.0.0 Safari/537.36"
31.14.252.3 - - [02/Jun/2025:05:13:13 +0000] "GET /acasa HTTP/1.1" 200 1425 "https://ismauaic.com/acasa/administrare/utilizatori" "Mozilla/5.0 (Windows NT 10.0; Win64; x64) AppleWebKit/537.36 (KHTML, like Gecko) Chrome/136.0.0.0 Safari/537.36"
31.14.252.3 - - [02/Jun/2025:05:13:13 +0000] "POST /acasa/administrare/utilizatori HTTP/1.1" 200 20654 "https://ismauaic.com/acasa/administrare/utilizatori" "Mozilla/5.0 (Windows NT 10.0; Win64; x64) AppleWebKit/537.36 (KHTML, like Gecko) Chrome/136.0.0.0 Safari/537.36"
31.14.252.3 - - [02/Jun/2025:05:13:13 +0000] "GET /acasa/administrare?_rsc=33dh4 HTTP/1.1" 200 1387 "https://ismauaic.com/acasa/administrare/utilizatori" "Mozilla/5.0 (Windows NT 10.0; Win64; x64) AppleWebKit/537.36 (KHTML, like Gecko) Chrome/136.0.0.0 Safari/537.36"
31.14.252.3 - - [02/Jun/2025:05:13:13 +0000] "GET /acasa/administrare/echipamente?_rsc=33dh4 HTTP/1.1" 200 1490 "https://ismauaic.com/acasa/administrare/utilizatori" "Mozilla/5.0 (Windows NT 10.0; Win64; x64) AppleWebKit/537.36 (KHTML, like Gecko) Chrome/136.0.0.0 Safari/537.36"
31.14.252.3 - - [02/Jun/2025:05:13:13 +0000] "POST /acasa/administrare/utilizatori HTTP/1.1" 200 277 "https://ismauaic.com/acasa/administrare/utilizatori" "Mozilla/5.0 (Windows NT 10.0; Win64; x64) AppleWebKit/537.36 (KHTML, like Gecko) Chrome/136.0.0.0 Safari/537.36"
172.27.0.1 - - [02/Jun/2025:05:13:25 +0000] "DELETE /backend-api/users/1 HTTP/1.1" 204 0 "-" "axios/1.8.4"
31.14.252.3 - - [02/Jun/2025:05:13:25 +0000] "POST /acasa/administrare/utilizatori HTTP/1.1" 200 137 "https://ismauaic.com/acasa/administrare/utilizatori" "Mozilla/5.0 (Windows NT 10.0; Win64; x64) AppleWebKit/537.36 (KHTML, like Gecko) Chrome/136.0.0.0 Safari/537.36"
31.14.252.3 - - [02/Jun/2025:05:13:45 +0000] "GET /acasa/administrare/echipamente?_rsc=pmm6p HTTP/1.1" 200 1490 "https://ismauaic.com/acasa/administrare/echipamente" "Mozilla/5.0 (Windows NT 10.0; Win64; x64) AppleWebKit/537.36 (KHTML, like Gecko) Chrome/136.0.0.0 Safari/537.36"
31.14.252.3 - - [02/Jun/2025:05:13:45 +0000] "POST /acasa/administrare/echipamente HTTP/1.1" 200 277 "https://ismauaic.com/acasa/administrare/echipamente" "Mozilla/5.0 (Windows NT 10.0; Win64; x64) AppleWebKit/537.36 (KHTML, like Gecko) Chrome/136.0.0.0 Safari/537.36"
172.27.0.1 - - [02/Jun/2025:05:13:45 +0000] "GET /backend-api/equipment HTTP/1.1" 403 0 "-" "axios/1.8.4"
31.14.252.3 - - [02/Jun/2025:05:13:45 +0000] "POST /acasa/administrare/echipamente HTTP/1.1" 200 154 "https://ismauaic.com/acasa/administrare/echipamente" "Mozilla/5.0 (Windows NT 10.0; Win64; x64) AppleWebKit/537.36 (KHTML, like Gecko) Chrome/136.0.0.0 Safari/537.36"
31.14.252.3 - - [02/Jun/2025:05:13:47 +0000] "GET /acasa/administrare?_rsc=1ek1e HTTP/1.1" 200 1387 "https://ismauaic.com/acasa/administrare" "Mozilla/5.0 (Windows NT 10.0; Win64; x64) AppleWebKit/537.36 (KHTML, like Gecko) Chrome/136.0.0.0 Safari/537.36"
31.14.252.3 - - [02/Jun/2025:05:13:47 +0000] "GET /icons/administrare_echipamente.svg HTTP/1.1" 304 0 "https://ismauaic.com/acasa/administrare" "Mozilla/5.0 (Windows NT 10.0; Win64; x64) AppleWebKit/537.36 (KHTML, like Gecko) Chrome/136.0.0.0 Safari/537.36"
31.14.252.3 - - [02/Jun/2025:05:13:47 +0000] "GET /icons/administrare_utilizatori.svg HTTP/1.1" 304 0 "https://ismauaic.com/acasa/administrare" "Mozilla/5.0 (Windows NT 10.0; Win64; x64) AppleWebKit/537.36 (KHTML, like Gecko) Chrome/136.0.0.0 Safari/537.36"
31.14.252.3 - - [02/Jun/2025:05:13:50 +0000] "POST /acasa/administrare HTTP/1.1" 303 1830 "https://ismauaic.com/acasa/administrare" "Mozilla/5.0 (Windows NT 10.0; Win64; x64) AppleWebKit/537.36 (KHTML, like Gecko) Chrome/136.0.0.0 Safari/537.36"
31.14.252.3 - - [02/Jun/2025:05:13:50 +0000] "GET /auth/login?_rsc=1yhn7 HTTP/1.1" 200 1830 "https://ismauaic.com/acasa/administrare" "Mozilla/5.0 (Windows NT 10.0; Win64; x64) AppleWebKit/537.36 (KHTML, like Gecko) Chrome/136.0.0.0 Safari/537.36"
31.14.252.3 - - [02/Jun/2025:05:13:50 +0000] "GET /ISMA.svg HTTP/1.1" 304 0 "https://ismauaic.com/acasa/administrare" "Mozilla/5.0 (Windows NT 10.0; Win64; x64) AppleWebKit/537.36 (KHTML, like Gecko) Chrome/136.0.0.0 Safari/537.36"
31.14.252.3 - - [02/Jun/2025:05:13:51 +0000] "GET /auth/register?_rsc=16nwh HTTP/1.1" 200 1833 "https://ismauaic.com/auth/login" "Mozilla/5.0 (Windows NT 10.0; Win64; x64) AppleWebKit/537.36 (KHTML, like Gecko) Chrome/136.0.0.0 Safari/537.36"
172.27.0.1 - - [02/Jun/2025:05:14:07 +0000] "POST /backend-api/auth/login HTTP/1.1" 200 190 "-" "axios/1.8.4"
31.14.252.3 - - [02/Jun/2025:05:14:07 +0000] "POST /auth/login HTTP/1.1" 200 1979 "https://ismauaic.com/auth/login" "Mozilla/5.0 (Windows NT 10.0; Win64; x64) AppleWebKit/537.36 (KHTML, like Gecko) Chrome/136.0.0.0 Safari/537.36"
31.14.252.3 - - [02/Jun/2025:05:14:07 +0000] "GET /acasa?_rsc=1yhn7 HTTP/1.1" 200 1425 "https://ismauaic.com/auth/login" "Mozilla/5.0 (Windows NT 10.0; Win64; x64) AppleWebKit/537.36 (KHTML, like Gecko) Chrome/136.0.0.0 Safari/537.36"
31.14.252.3 - - [02/Jun/2025:05:14:07 +0000] "POST /acasa HTTP/1.1" 200 286 "https://ismauaic.com/acasa" "Mozilla/5.0 (Windows NT 10.0; Win64; x64) AppleWebKit/537.36 (KHTML, like Gecko) Chrome/136.0.0.0 Safari/537.36"
172.27.0.1 - - [02/Jun/2025:05:14:07 +0000] "GET /backend-api/users?size=1000 HTTP/1.1" 200 235997 "-" "axios/1.8.4"
31.14.252.3 - - [02/Jun/2025:05:14:07 +0000] "GET /acasa/echipamente?_rsc=jsfb9 HTTP/1.1" 200 1351 "https://ismauaic.com/acasa" "Mozilla/5.0 (Windows NT 10.0; Win64; x64) AppleWebKit/537.36 (KHTML, like Gecko) Chrome/136.0.0.0 Safari/537.36"
31.14.252.3 - - [02/Jun/2025:05:14:07 +0000] "GET /icons/mobilenav4.svg HTTP/1.1" 200 716 "https://ismauaic.com/acasa" "Mozilla/5.0 (Windows NT 10.0; Win64; x64) AppleWebKit/537.36 (KHTML, like Gecko) Chrome/136.0.0.0 Safari/537.36"
31.14.252.3 - - [02/Jun/2025:05:14:07 +0000] "GET /icons/mobilenav2.svg HTTP/1.1" 200 780 "https://ismauaic.com/acasa/administrare/utilizatori" "Mozilla/5.0 (Windows NT 10.0; Win64; x64) AppleWebKit/537.36 (KHTML, like Gecko) Chrome/136.0.0.0 Safari/537.36"
31.14.252.3 - - [02/Jun/2025:05:14:07 +0000] "GET /icons/mobilenav3.svg HTTP/1.1" 200 991 "https://ismauaic.com/acasa" "Mozilla/5.0 (Windows NT 10.0; Win64; x64) AppleWebKit/537.36 (KHTML, like Gecko) Chrome/136.0.0.0 Safari/537.36"
31.14.252.3 - - [02/Jun/2025:05:14:07 +0000] "POST /acasa HTTP/1.1" 200 414 "https://ismauaic.com/acasa" "Mozilla/5.0 (Windows NT 10.0; Win64; x64) AppleWebKit/537.36 (KHTML, like Gecko) Chrome/136.0.0.0 Safari/537.36"
31.14.252.3 - - [02/Jun/2025:05:14:07 +0000] "GET /acasa/cereri?_rsc=jsfb9 HTTP/1.1" 200 1386 "https://ismauaic.com/acasa" "Mozilla/5.0 (Windows NT 10.0; Win64; x64) AppleWebKit/537.36 (KHTML, like Gecko) Chrome/136.0.0.0 Safari/537.36"
31.14.252.3 - - [02/Jun/2025:05:14:07 +0000] "POST /acasa HTTP/1.1" 200 286 "https://ismauaic.com/acasa" "Mozilla/5.0 (Windows NT 10.0; Win64; x64) AppleWebKit/537.36 (KHTML, like Gecko) Chrome/136.0.0.0 Safari/537.36"
31.14.252.3 - - [02/Jun/2025:05:14:07 +0000] "GET /acasa/profile?_rsc=jsfb9 HTTP/1.1" 200 1324 "https://ismauaic.com/acasa" "Mozilla/5.0 (Windows NT 10.0; Win64; x64) AppleWebKit/537.36 (KHTML, like Gecko) Chrome/136.0.0.0 Safari/537.36"
31.14.252.3 - - [02/Jun/2025:05:14:07 +0000] "GET /_next/static/chunks/app/acasa/echipamente/page-fb785e4256dc96b6.js HTTP/1.1" 200 2941 "https://ismauaic.com/acasa" "Mozilla/5.0 (Windows NT 10.0; Win64; x64) AppleWebKit/537.36 (KHTML, like Gecko) Chrome/136.0.0.0 Safari/537.36"
31.14.252.3 - - [02/Jun/2025:05:14:07 +0000] "GET /home?_rsc=jsfb9 HTTP/1.1" 307 16 "https://ismauaic.com/acasa" "Mozilla/5.0 (Windows NT 10.0; Win64; x64) AppleWebKit/537.36 (KHTML, like Gecko) Chrome/136.0.0.0 Safari/537.36"
31.14.252.3 - - [02/Jun/2025:05:14:07 +0000] "GET /acasa HTTP/1.1" 200 1425 "https://ismauaic.com/acasa" "Mozilla/5.0 (Windows NT 10.0; Win64; x64) AppleWebKit/537.36 (KHTML, like Gecko) Chrome/136.0.0.0 Safari/537.36"
31.14.252.3 - - [02/Jun/2025:05:14:07 +0000] "GET /_next/static/chunks/app/acasa/cereri/page-10717cddb32a8a90.js HTTP/1.1" 200 3437 "https://ismauaic.com/acasa" "Mozilla/5.0 (Windows NT 10.0; Win64; x64) AppleWebKit/537.36 (KHTML, like Gecko) Chrome/136.0.0.0 Safari/537.36"
172.27.0.1 - - [02/Jun/2025:05:14:17 +0000] "GET /backend-api/equipment HTTP/1.1" 200 100883 "-" "axios/1.8.4"
31.14.252.3 - - [02/Jun/2025:05:14:17 +0000] "POST /acasa/echipamente HTTP/1.1" 200 19850 "https://ismauaic.com/acasa/echipamente" "Mozilla/5.0 (Windows NT 10.0; Win64; x64) AppleWebKit/537.36 (KHTML, like Gecko) Chrome/136.0.0.0 Safari/537.36"
31.14.252.3 - - [02/Jun/2025:05:14:18 +0000] "GET /acasa/echipamente/echipament/1?_rsc=664h5 HTTP/1.1" 200 169 "https://ismauaic.com/acasa/echipamente" "Mozilla/5.0 (Windows NT 10.0; Win64; x64) AppleWebKit/537.36 (KHTML, like Gecko) Chrome/136.0.0.0 Safari/537.36"
31.14.252.3 - - [02/Jun/2025:05:14:18 +0000] "GET /acasa/echipamente/echipament/2?_rsc=664h5 HTTP/1.1" 200 169 "https://ismauaic.com/acasa/echipamente" "Mozilla/5.0 (Windows NT 10.0; Win64; x64) AppleWebKit/537.36 (KHTML, like Gecko) Chrome/136.0.0.0 Safari/537.36"
31.14.252.3 - - [02/Jun/2025:05:14:18 +0000] "GET /acasa/echipamente/echipament/3?_rsc=664h5 HTTP/1.1" 200 169 "https://ismauaic.com/acasa/echipamente" "Mozilla/5.0 (Windows NT 10.0; Win64; x64) AppleWebKit/537.36 (KHTML, like Gecko) Chrome/136.0.0.0 Safari/537.36"
31.14.252.3 - - [02/Jun/2025:05:14:20 +0000] "GET /acasa/echipamente/echipament/1?_rsc=t3tiq HTTP/1.1" 200 1043 "https://ismauaic.com/acasa/echipamente" "Mozilla/5.0 (Windows NT 10.0; Win64; x64) AppleWebKit/537.36 (KHTML, like Gecko) Chrome/136.0.0.0 Safari/537.36"
31.14.252.3 - - [02/Jun/2025:05:14:20 +0000] "GET /_next/static/chunks/app/acasa/echipamente/echipament/%5BequipmentId%5D/page-2cec11c32e73b03a.js HTTP/1.1" 200 4335 "https://ismauaic.com/acasa/echipamente" "Mozilla/5.0 (Windows NT 10.0; Win64; x64) AppleWebKit/537.36 (KHTML, like Gecko) Chrome/136.0.0.0 Safari/537.36"
31.14.252.3 - - [02/Jun/2025:05:14:20 +0000] "GET /_next/static/css/f3992d0e9fcc9dfe.css HTTP/1.1" 200 938 "https://ismauaic.com/acasa/echipamente" "Mozilla/5.0 (Windows NT 10.0; Win64; x64) AppleWebKit/537.36 (KHTML, like Gecko) Chrome/136.0.0.0 Safari/537.36"
31.14.252.3 - - [02/Jun/2025:05:14:20 +0000] "GET /icons/back-arrow.svg HTTP/1.1" 304 0 "https://ismauaic.com/acasa/echipamente" "Mozilla/5.0 (Windows NT 10.0; Win64; x64) AppleWebKit/537.36 (KHTML, like Gecko) Chrome/136.0.0.0 Safari/537.36"
172.27.0.1 - - [02/Jun/2025:05:14:20 +0000] "GET /backend-api/equipments/1/accessRequests HTTP/1.1" 200 6805 "-" "axios/1.8.4"
31.14.252.3 - - [02/Jun/2025:05:14:20 +0000] "POST /acasa/echipamente/echipament/1 HTTP/1.1" 200 247 "https://ismauaic.com/acasa/echipamente/echipament/1" "Mozilla/5.0 (Windows NT 10.0; Win64; x64) AppleWebKit/537.36 (KHTML, like Gecko) Chrome/136.0.0.0 Safari/537.36"
172.27.0.1 - - [02/Jun/2025:05:14:20 +0000] "GET /backend-api/equipment/1 HTTP/1.1" 200 507 "-" "axios/1.8.4"
31.14.252.3 - - [02/Jun/2025:05:14:20 +0000] "POST /acasa/echipamente/echipament/1 HTTP/1.1" 200 450 "https://ismauaic.com/acasa/echipamente/echipament/1" "Mozilla/5.0 (Windows NT 10.0; Win64; x64) AppleWebKit/537.36 (KHTML, like Gecko) Chrome/136.0.0.0 Safari/537.36"
31.14.252.3 - - [02/Jun/2025:05:14:41 +0000] "GET /acasa/echipamente/echipament/1/inchiriere?_rsc=61v4k HTTP/1.1" 200 1040 "https://ismauaic.com/acasa/echipamente/echipament/1" "Mozilla/5.0 (Windows NT 10.0; Win64; x64) AppleWebKit/537.36 (KHTML, like Gecko) Chrome/136.0.0.0 Safari/537.36"
31.14.252.3 - - [02/Jun/2025:05:14:42 +0000] "GET /_next/static/chunks/app/acasa/echipamente/echipament/%5BequipmentId%5D/inchiriere/page-22d1c183977ce1b4.js HTTP/1.1" 200 4380 "https://ismauaic.com/acasa/echipamente/echipament/1" "Mozilla/5.0 (Windows NT 10.0; Win64; x64) AppleWebKit/537.36 (KHTML, like Gecko) Chrome/136.0.0.0 Safari/537.36"
31.14.252.3 - - [02/Jun/2025:05:14:42 +0000] "GET /_next/static/css/1d77e835d4fd1c1c.css HTTP/1.1" 200 1391 "https://ismauaic.com/acasa/echipamente/echipament/1" "Mozilla/5.0 (Windows NT 10.0; Win64; x64) AppleWebKit/537.36 (KHTML, like Gecko) Chrome/136.0.0.0 Safari/537.36"
172.27.0.1 - - [02/Jun/2025:05:14:42 +0000] "GET /backend-api/equipments/1/accessRequests HTTP/1.1" 200 6811 "-" "axios/1.8.4"
31.14.252.3 - - [02/Jun/2025:05:14:42 +0000] "POST /acasa/echipamente/echipament/1/inchiriere HTTP/1.1" 200 247 "https://ismauaic.com/acasa/echipamente/echipament/1/inchiriere" "Mozilla/5.0 (Windows NT 10.0; Win64; x64) AppleWebKit/537.36 (KHTML, like Gecko) Chrome/136.0.0.0 Safari/537.36"
172.27.0.1 - - [02/Jun/2025:05:14:42 +0000] "GET /backend-api/equipment/1 HTTP/1.1" 200 507 "-" "axios/1.8.4"
31.14.252.3 - - [02/Jun/2025:05:14:42 +0000] "POST /acasa/echipamente/echipament/1/inchiriere HTTP/1.1" 200 450 "https://ismauaic.com/acasa/echipamente/echipament/1/inchiriere" "Mozilla/5.0 (Windows NT 10.0; Win64; x64) AppleWebKit/537.36 (KHTML, like Gecko) Chrome/136.0.0.0 Safari/537.36"
172.27.0.1 - - [02/Jun/2025:05:15:02 +0000] "POST /backend-api/access-requests HTTP/1.1" 201 253 "-" "axios/1.8.4"
